Archive member included to satisfy reference by file (symbol)

/usr/lib/gcc/arm-none-eabi/11.2.0/thumb/v6-m/nofp/libgcc.a(_dvmd_tls.o)
                              CMakeFiles/stepper_motor.dir/home/delo/Dropbox/raspberry_pi/pico/sdk/pico-sdk/src/rp2_common/pico_divider/divider.S.obj (__aeabi_idiv0)
/usr/lib/gcc/arm-none-eabi/11.2.0/../../../../arm-none-eabi/lib/thumb/v6-m/nofp/libg.a(lib_a-atexit.o)
                              /usr/lib/gcc/arm-none-eabi/11.2.0/../../../../arm-none-eabi/lib/thumb/v6-m/nofp/crt0.o (atexit)
/usr/lib/gcc/arm-none-eabi/11.2.0/../../../../arm-none-eabi/lib/thumb/v6-m/nofp/libg.a(lib_a-calloc.o)
                              CMakeFiles/stepper_motor.dir/home/delo/Dropbox/raspberry_pi/pico/sdk/pico-sdk/src/rp2_common/pico_malloc/pico_malloc.c.obj (calloc)
/usr/lib/gcc/arm-none-eabi/11.2.0/../../../../arm-none-eabi/lib/thumb/v6-m/nofp/libg.a(lib_a-callocr.o)
                              /usr/lib/gcc/arm-none-eabi/11.2.0/../../../../arm-none-eabi/lib/thumb/v6-m/nofp/libg.a(lib_a-calloc.o) (_calloc_r)
/usr/lib/gcc/arm-none-eabi/11.2.0/../../../../arm-none-eabi/lib/thumb/v6-m/nofp/libg.a(lib_a-errno.o)
                              /usr/lib/gcc/arm-none-eabi/11.2.0/../../../../arm-none-eabi/lib/thumb/v6-m/nofp/libg.a(lib_a-callocr.o) (__errno)
/usr/lib/gcc/arm-none-eabi/11.2.0/../../../../arm-none-eabi/lib/thumb/v6-m/nofp/libg.a(lib_a-fini.o)
                              /usr/lib/gcc/arm-none-eabi/11.2.0/../../../../arm-none-eabi/lib/thumb/v6-m/nofp/crt0.o (__libc_fini_array)
/usr/lib/gcc/arm-none-eabi/11.2.0/../../../../arm-none-eabi/lib/thumb/v6-m/nofp/libg.a(lib_a-impure.o)
                              /usr/lib/gcc/arm-none-eabi/11.2.0/../../../../arm-none-eabi/lib/thumb/v6-m/nofp/libg.a(lib_a-calloc.o) (_impure_ptr)
/usr/lib/gcc/arm-none-eabi/11.2.0/../../../../arm-none-eabi/lib/thumb/v6-m/nofp/libg.a(lib_a-init.o)
                              /usr/lib/gcc/arm-none-eabi/11.2.0/../../../../arm-none-eabi/lib/thumb/v6-m/nofp/crt0.o (__libc_init_array)
/usr/lib/gcc/arm-none-eabi/11.2.0/../../../../arm-none-eabi/lib/thumb/v6-m/nofp/libg.a(lib_a-malloc.o)
                              CMakeFiles/stepper_motor.dir/home/delo/Dropbox/raspberry_pi/pico/sdk/pico-sdk/src/rp2_common/pico_malloc/pico_malloc.c.obj (malloc)
/usr/lib/gcc/arm-none-eabi/11.2.0/../../../../arm-none-eabi/lib/thumb/v6-m/nofp/libg.a(lib_a-mallocr.o)
                              /usr/lib/gcc/arm-none-eabi/11.2.0/../../../../arm-none-eabi/lib/thumb/v6-m/nofp/libg.a(lib_a-callocr.o) (_malloc_r)
/usr/lib/gcc/arm-none-eabi/11.2.0/../../../../arm-none-eabi/lib/thumb/v6-m/nofp/libg.a(lib_a-mlock.o)
                              /usr/lib/gcc/arm-none-eabi/11.2.0/../../../../arm-none-eabi/lib/thumb/v6-m/nofp/libg.a(lib_a-mallocr.o) (__malloc_lock)
/usr/lib/gcc/arm-none-eabi/11.2.0/../../../../arm-none-eabi/lib/thumb/v6-m/nofp/libg.a(lib_a-sbrkr.o)
                              /usr/lib/gcc/arm-none-eabi/11.2.0/../../../../arm-none-eabi/lib/thumb/v6-m/nofp/libg.a(lib_a-mallocr.o) (_sbrk_r)
/usr/lib/gcc/arm-none-eabi/11.2.0/../../../../arm-none-eabi/lib/thumb/v6-m/nofp/libg.a(lib_a-strlen-stub.o)
                              CMakeFiles/stepper_motor.dir/home/delo/Dropbox/raspberry_pi/pico/sdk/pico-sdk/src/rp2_common/pico_stdio/stdio.c.obj (strlen)
/usr/lib/gcc/arm-none-eabi/11.2.0/../../../../arm-none-eabi/lib/thumb/v6-m/nofp/libg.a(lib_a-__atexit.o)
                              /usr/lib/gcc/arm-none-eabi/11.2.0/../../../../arm-none-eabi/lib/thumb/v6-m/nofp/libg.a(lib_a-atexit.o) (__register_exitproc)
/usr/lib/gcc/arm-none-eabi/11.2.0/../../../../arm-none-eabi/lib/thumb/v6-m/nofp/libg.a(lib_a-__call_atexit.o)
                              /usr/lib/gcc/arm-none-eabi/11.2.0/../../../../arm-none-eabi/lib/thumb/v6-m/nofp/libg.a(lib_a-__atexit.o) (__atexit_recursive_mutex)
/usr/lib/gcc/arm-none-eabi/11.2.0/../../../../arm-none-eabi/lib/thumb/v6-m/nofp/libg.a(lib_a-freer.o)
                              /usr/lib/gcc/arm-none-eabi/11.2.0/../../../../arm-none-eabi/lib/thumb/v6-m/nofp/libg.a(lib_a-malloc.o) (_free_r)
/usr/lib/gcc/arm-none-eabi/11.2.0/../../../../arm-none-eabi/lib/thumb/v6-m/nofp/libg.a(lib_a-lock.o)
                              /usr/lib/gcc/arm-none-eabi/11.2.0/../../../../arm-none-eabi/lib/thumb/v6-m/nofp/libg.a(lib_a-mlock.o) (__retarget_lock_acquire_recursive)
/usr/lib/gcc/arm-none-eabi/11.2.0/../../../../arm-none-eabi/lib/thumb/v6-m/nofp/libg.a(lib_a-reent.o)
                              /usr/lib/gcc/arm-none-eabi/11.2.0/../../../../arm-none-eabi/lib/thumb/v6-m/nofp/libg.a(lib_a-sbrkr.o) (errno)

Discarded input sections

 .text          0x0000000000000000        0x0 /usr/lib/gcc/arm-none-eabi/11.2.0/thumb/v6-m/nofp/crti.o
 .data          0x0000000000000000        0x0 /usr/lib/gcc/arm-none-eabi/11.2.0/thumb/v6-m/nofp/crti.o
 .bss           0x0000000000000000        0x0 /usr/lib/gcc/arm-none-eabi/11.2.0/thumb/v6-m/nofp/crti.o
[...]
Memory Configuration

Name             Origin             Length             Attributes
FLASH            0x0000000010000000 0x0000000000200000 xr
RAM              0x0000000020000000 0x0000000000040000 xrw
SCRATCH_X        0x0000000020040000 0x0000000000001000 xrw
SCRATCH_Y        0x0000000020041000 0x0000000000001000 xrw
*default*        0x0000000000000000 0xffffffffffffffff

Linker script and memory map

LOAD /usr/lib/gcc/arm-none-eabi/11.2.0/thumb/v6-m/nofp/crti.o
LOAD /usr/lib/gcc/arm-none-eabi/11.2.0/thumb/v6-m/nofp/crtbegin.o
LOAD /usr/lib/gcc/arm-none-eabi/11.2.0/../../../../arm-none-eabi/lib/thumb/v6-m/nofp/crt0.o

.flash_begin    0x0000000010000000        0x0
                0x0000000010000000                __flash_binary_start = .

.boot2          0x0000000010000000      0x100
                0x0000000010000000                __boot2_start__ = .
 *(.boot2)
 .boot2         0x0000000010000000      0x100 /tmp/ccO7eNz4.o
                0x0000000010000100                __boot2_end__ = .
                0x0000000000000001                ASSERT (((__boot2_end__ - __boot2_start__) == 0x100), ERROR: Pico second stage bootloader must be 256 bytes in size)

.text           0x0000000010000100     0x4020
                0x0000000010000100                __logical_binary_start = .
 *(.vectors)
 .vectors       0x0000000010000100       0xd4 CMakeFiles/stepper_motor.dir/home/delo/Dropbox/raspberry_pi/pico/sdk/pico-sdk/src/rp2_common/pico_standard_link/crt0.S.obj
                0x0000000010000100                __vectors
                0x00000000100001c0                isr_invalid
                0x00000000100001c2                isr_nmi
                0x00000000100001c4                isr_hardfault
                0x00000000100001c6                isr_svcall
                0x00000000100001c8                isr_pendsv
                0x00000000100001ca                isr_systick
                0x00000000100001cc                isr_irq30
                0x00000000100001cc                __unhandled_user_irq
                0x00000000100001cc                isr_irq13
                0x00000000100001cc                isr_irq27
                0x00000000100001cc                isr_irq31
                0x00000000100001cc                isr_irq5
                0x00000000100001cc                isr_irq11
                0x00000000100001cc                isr_irq23
                0x00000000100001cc                isr_irq18
                0x00000000100001cc                isr_irq28
                0x00000000100001cc                isr_irq19
                0x00000000100001cc                isr_irq0
                0x00000000100001cc                isr_irq6
                0x00000000100001cc                isr_irq22
                0x00000000100001cc                isr_irq17
                0x00000000100001cc                isr_irq14
                0x00000000100001cc                isr_irq2
                0x00000000100001cc                isr_irq10
                0x00000000100001cc                isr_irq8
                0x00000000100001cc                isr_irq24
                0x00000000100001cc                isr_irq1
                0x00000000100001cc                isr_irq7
                0x00000000100001cc                isr_irq21
                0x00000000100001cc                isr_irq20
                0x00000000100001cc                isr_irq15
                0x00000000100001cc                isr_irq25
                0x00000000100001cc                isr_irq4
                0x00000000100001cc                isr_irq16
                0x00000000100001cc                isr_irq29
                0x00000000100001cc                isr_irq26
                0x00000000100001cc                isr_irq3
                0x00000000100001cc                isr_irq12
                0x00000000100001cc                isr_irq9
                0x00000000100001d2                unhandled_user_irq_num_in_r0
 *(.binary_info_header)
 .binary_info_header
                0x00000000100001d4       0x14 CMakeFiles/stepper_motor.dir/home/delo/Dropbox/raspberry_pi/pico/sdk/pico-sdk/src/rp2_common/pico_standard_link/crt0.S.obj
                0x00000000100001e8                __binary_info_header_end = .
 *(.reset)
 .reset         0x00000000100001e8       0xa8 CMakeFiles/stepper_motor.dir/home/delo/Dropbox/raspberry_pi/pico/sdk/pico-sdk/src/rp2_common/pico_standard_link/crt0.S.obj
                0x00000000100001e8                _entry_point
                0x0000000010000266                __get_current_exception
 .reset         0x0000000010000290       0x30 CMakeFiles/stepper_motor.dir/home/delo/Dropbox/raspberry_pi/pico/sdk/pico-sdk/src/rp2_common/pico_standard_link/binary_info.c.obj
 *(.init)
 .init          0x00000000100002c0        0x4 /usr/lib/gcc/arm-none-eabi/11.2.0/thumb/v6-m/nofp/crti.o
                0x00000000100002c0                _init
 *(EXCLUDE_FILE(*libm.a: *libc.a:*lib_a-mem*.o *libgcc.a:) .text*)
 .text.frame_dummy
                0x00000000100002c4       0x20 /usr/lib/gcc/arm-none-eabi/11.2.0/thumb/v6-m/nofp/crtbegin.o
 .text.define_motor
                0x00000000100002e4       0x18 CMakeFiles/stepper_motor.dir/main.c.obj
                0x00000000100002e4                define_motor
 .text.init_motor
                0x00000000100002fc       0x28 CMakeFiles/stepper_motor.dir/main.c.obj
                0x00000000100002fc                init_motor
 .text.update_motor
                0x0000000010000324       0x68 CMakeFiles/stepper_motor.dir/main.c.obj
                0x0000000010000324                update_motor
 .text.main     0x000000001000038c       0x58 CMakeFiles/stepper_motor.dir/main.c.obj
                0x000000001000038c                main
 .text.gpio_set_function
                0x00000000100003e4       0x30 CMakeFiles/stepper_motor.dir/home/delo/Dropbox/raspberry_pi/pico/sdk/pico-sdk/src/rp2_common/hardware_gpio/gpio.c.obj
                0x00000000100003e4                gpio_set_function
 .text.gpio_init
                0x0000000010000414       0x16 CMakeFiles/stepper_motor.dir/home/delo/Dropbox/raspberry_pi/pico/sdk/pico-sdk/src/rp2_common/hardware_gpio/gpio.c.obj
                0x0000000010000414                gpio_init
 *fill*         0x000000001000042a        0x2 
 .text.hw_claim_lock
                0x000000001000042c       0x18 CMakeFiles/stepper_motor.dir/home/delo/Dropbox/raspberry_pi/pico/sdk/pico-sdk/src/rp2_common/hardware_claim/claim.c.obj
                0x000000001000042c                hw_claim_lock
 .text.hw_claim_unlock
                0x0000000010000444       0x14 CMakeFiles/stepper_motor.dir/home/delo/Dropbox/raspberry_pi/pico/sdk/pico-sdk/src/rp2_common/hardware_claim/claim.c.obj
                0x0000000010000444                hw_claim_unlock
 .text.hw_claim_or_assert
                0x0000000010000458       0x36 CMakeFiles/stepper_motor.dir/home/delo/Dropbox/raspberry_pi/pico/sdk/pico-sdk/src/rp2_common/hardware_claim/claim.c.obj
                0x0000000010000458                hw_claim_or_assert
 *fill*         0x000000001000048e        0x2 
 .text.spin_locks_reset
                0x0000000010000490       0x20 CMakeFiles/stepper_motor.dir/home/delo/Dropbox/raspberry_pi/pico/sdk/pico-sdk/src/rp2_common/hardware_sync/sync.c.obj
                0x0000000010000490                spin_locks_reset
 .text.next_striped_spin_lock_num
                0x00000000100004b0       0x1c CMakeFiles/stepper_motor.dir/home/delo/Dropbox/raspberry_pi/pico/sdk/pico-sdk/src/rp2_common/hardware_sync/sync.c.obj
                0x00000000100004b0                next_striped_spin_lock_num
 .text.running_on_fpga
                0x00000000100004cc       0x14 CMakeFiles/stepper_motor.dir/home/delo/Dropbox/raspberry_pi/pico/sdk/pico-sdk/src/rp2_common/pico_platform/platform.c.obj
                0x00000000100004cc                running_on_fpga
 .text.sev_callback
                0x00000000100004e0        0x8 CMakeFiles/stepper_motor.dir/home/delo/Dropbox/raspberry_pi/pico/sdk/pico-sdk/src/common/pico_time/time.c.obj
 .text.alarm_pool_post_alloc_init
                0x00000000100004e8       0x40 CMakeFiles/stepper_motor.dir/home/delo/Dropbox/raspberry_pi/pico/sdk/pico-sdk/src/common/pico_time/time.c.obj
 .text.timer_pool_entry_comparator
                0x0000000010000528       0x78 CMakeFiles/stepper_motor.dir/home/delo/Dropbox/raspberry_pi/pico/sdk/pico-sdk/src/common/pico_time/time.c.obj
                0x0000000010000528                timer_pool_entry_comparator
 .text.ph_add_child_node
                0x00000000100005a0       0xa0 CMakeFiles/stepper_motor.dir/home/delo/Dropbox/raspberry_pi/pico/sdk/pico-sdk/src/common/pico_time/time.c.obj
 .text.ph_merge_nodes
                0x0000000010000640       0x3e CMakeFiles/stepper_motor.dir/home/delo/Dropbox/raspberry_pi/pico/sdk/pico-sdk/src/common/pico_time/time.c.obj
 *fill*         0x000000001000067e        0x2 
 .text.add_alarm_under_lock
                0x0000000010000680      0x16c CMakeFiles/stepper_motor.dir/home/delo/Dropbox/raspberry_pi/pico/sdk/pico-sdk/src/common/pico_time/time.c.obj
 .text.alarm_pool_alarm_callback
                0x00000000100007ec      0x310 CMakeFiles/stepper_motor.dir/home/delo/Dropbox/raspberry_pi/pico/sdk/pico-sdk/src/common/pico_time/time.c.obj
 .text.alarm_pool_init_default
                0x0000000010000afc       0x2c CMakeFiles/stepper_motor.dir/home/delo/Dropbox/raspberry_pi/pico/sdk/pico-sdk/src/common/pico_time/time.c.obj
                0x0000000010000afc                alarm_pool_init_default
 .text.alarm_pool_get_default
                0x0000000010000b28       0x2c CMakeFiles/stepper_motor.dir/home/delo/Dropbox/raspberry_pi/pico/sdk/pico-sdk/src/common/pico_time/time.c.obj
                0x0000000010000b28                alarm_pool_get_default
 .text.alarm_pool_add_alarm_at
                0x0000000010000b54      0x140 CMakeFiles/stepper_motor.dir/home/delo/Dropbox/raspberry_pi/pico/sdk/pico-sdk/src/common/pico_time/time.c.obj
                0x0000000010000b54                alarm_pool_add_alarm_at
 .text.sleep_until
                0x0000000010000c94       0xa0 CMakeFiles/stepper_motor.dir/home/delo/Dropbox/raspberry_pi/pico/sdk/pico-sdk/src/common/pico_time/time.c.obj
                0x0000000010000c94                sleep_until
 .text.sleep_us
                0x0000000010000d34       0x2e CMakeFiles/stepper_motor.dir/home/delo/Dropbox/raspberry_pi/pico/sdk/pico-sdk/src/common/pico_time/time.c.obj
                0x0000000010000d34                sleep_us
 .text.sleep_ms
                0x0000000010000d62       0x14 CMakeFiles/stepper_motor.dir/home/delo/Dropbox/raspberry_pi/pico/sdk/pico-sdk/src/common/pico_time/time.c.obj
                0x0000000010000d62                sleep_ms
 *fill*         0x0000000010000d76        0x2 
 .text.hardware_alarm_irq_handler
                0x0000000010000d78       0x88 CMakeFiles/stepper_motor.dir/home/delo/Dropbox/raspberry_pi/pico/sdk/pico-sdk/src/rp2_common/hardware_timer/timer.c.obj
 .text.hardware_alarm_claim
                0x0000000010000e00       0x18 CMakeFiles/stepper_motor.dir/home/delo/Dropbox/raspberry_pi/pico/sdk/pico-sdk/src/rp2_common/hardware_timer/timer.c.obj
                0x0000000010000e00                hardware_alarm_claim
 .text.time_us_64
                0x0000000010000e18       0x18 CMakeFiles/stepper_motor.dir/home/delo/Dropbox/raspberry_pi/pico/sdk/pico-sdk/src/rp2_common/hardware_timer/timer.c.obj
                0x0000000010000e18                time_us_64
 .text.busy_wait_until
                0x0000000010000e30       0x28 CMakeFiles/stepper_motor.dir/home/delo/Dropbox/raspberry_pi/pico/sdk/pico-sdk/src/rp2_common/hardware_timer/timer.c.obj
                0x0000000010000e30                busy_wait_until
 .text.hardware_alarm_set_callback
                0x0000000010000e58       0x90 CMakeFiles/stepper_motor.dir/home/delo/Dropbox/raspberry_pi/pico/sdk/pico-sdk/src/rp2_common/hardware_timer/timer.c.obj
                0x0000000010000e58                hardware_alarm_set_callback
 .text.hardware_alarm_set_target
                0x0000000010000ee8       0xc8 CMakeFiles/stepper_motor.dir/home/delo/Dropbox/raspberry_pi/pico/sdk/pico-sdk/src/rp2_common/hardware_timer/timer.c.obj
                0x0000000010000ee8                hardware_alarm_set_target
 .text.hardware_alarm_cancel
                0x0000000010000fb0       0x40 CMakeFiles/stepper_motor.dir/home/delo/Dropbox/raspberry_pi/pico/sdk/pico-sdk/src/rp2_common/hardware_timer/timer.c.obj
                0x0000000010000fb0                hardware_alarm_cancel
 .text.lock_init
                0x0000000010000ff0       0x10 CMakeFiles/stepper_motor.dir/home/delo/Dropbox/raspberry_pi/pico/sdk/pico-sdk/src/common/pico_sync/lock_core.c.obj
                0x0000000010000ff0                lock_init
 .text.mutex_init
                0x0000000010001000       0x1a CMakeFiles/stepper_motor.dir/home/delo/Dropbox/raspberry_pi/pico/sdk/pico-sdk/src/common/pico_sync/mutex.c.obj
                0x0000000010001000                mutex_init
 *fill*         0x000000001000101a        0x2 
 .text.ph_add_child_node
                0x000000001000101c       0xa0 CMakeFiles/stepper_motor.dir/home/delo/Dropbox/raspberry_pi/pico/sdk/pico-sdk/src/common/pico_util/pheap.c.obj
 .text.ph_merge_nodes
                0x00000000100010bc       0x3e CMakeFiles/stepper_motor.dir/home/delo/Dropbox/raspberry_pi/pico/sdk/pico-sdk/src/common/pico_util/pheap.c.obj
 *fill*         0x00000000100010fa        0x2 
 .text.ph_clear
                0x00000000100010fc       0x70 CMakeFiles/stepper_motor.dir/home/delo/Dropbox/raspberry_pi/pico/sdk/pico-sdk/src/common/pico_util/pheap.c.obj
                0x00000000100010fc                ph_clear
 .text.ph_post_alloc_init
                0x000000001000116c        0xe CMakeFiles/stepper_motor.dir/home/delo/Dropbox/raspberry_pi/pico/sdk/pico-sdk/src/common/pico_util/pheap.c.obj
                0x000000001000116c                ph_post_alloc_init
 *fill*         0x000000001000117a        0x2 
 .text.ph_merge_two_pass
                0x000000001000117c       0xa4 CMakeFiles/stepper_motor.dir/home/delo/Dropbox/raspberry_pi/pico/sdk/pico-sdk/src/common/pico_util/pheap.c.obj
                0x000000001000117c                ph_merge_two_pass
 .text.ph_remove_any_head
                0x0000000010001220      0x104 CMakeFiles/stepper_motor.dir/home/delo/Dropbox/raspberry_pi/pico/sdk/pico-sdk/src/common/pico_util/pheap.c.obj
 .text.ph_remove_head
                0x0000000010001324       0x14 CMakeFiles/stepper_motor.dir/home/delo/Dropbox/raspberry_pi/pico/sdk/pico-sdk/src/common/pico_util/pheap.c.obj
                0x0000000010001324                ph_remove_head
 .text.ph_remove_and_free_node
                0x0000000010001338       0xf8 CMakeFiles/stepper_motor.dir/home/delo/Dropbox/raspberry_pi/pico/sdk/pico-sdk/src/common/pico_util/pheap.c.obj
                0x0000000010001338                ph_remove_and_free_node
 .text.runtime_init
                0x0000000010001430       0xcc CMakeFiles/stepper_motor.dir/home/delo/Dropbox/raspberry_pi/pico/sdk/pico-sdk/src/rp2_common/pico_runtime/runtime.c.obj
                0x0000000010001430                runtime_init
 .text._exit    0x00000000100014fc        0x4 CMakeFiles/stepper_motor.dir/home/delo/Dropbox/raspberry_pi/pico/sdk/pico-sdk/src/rp2_common/pico_runtime/runtime.c.obj
                0x00000000100014fc                _exit
 .text.exit     0x0000000010001500        0x6 CMakeFiles/stepper_motor.dir/home/delo/Dropbox/raspberry_pi/pico/sdk/pico-sdk/src/rp2_common/pico_runtime/runtime.c.obj
                0x0000000010001500                exit
 *fill*         0x0000000010001506        0x2 
 .text.__assert_func
                0x0000000010001508       0x3c CMakeFiles/stepper_motor.dir/home/delo/Dropbox/raspberry_pi/pico/sdk/pico-sdk/src/rp2_common/pico_runtime/runtime.c.obj
                0x0000000010001508                __assert_func
 .text.panic    0x0000000010001544       0x30 CMakeFiles/stepper_motor.dir/home/delo/Dropbox/raspberry_pi/pico/sdk/pico-sdk/src/rp2_common/pico_runtime/runtime.c.obj
                0x0000000010001544                panic
 .text.clock_configure
                0x0000000010001574       0xe8 CMakeFiles/stepper_motor.dir/home/delo/Dropbox/raspberry_pi/pico/sdk/pico-sdk/src/rp2_common/hardware_clocks/clocks.c.obj
                0x0000000010001574                clock_configure
 .text.clocks_init
                0x000000001000165c      0x124 CMakeFiles/stepper_motor.dir/home/delo/Dropbox/raspberry_pi/pico/sdk/pico-sdk/src/rp2_common/hardware_clocks/clocks.c.obj
                0x000000001000165c                clocks_init
 .text.watchdog_start_tick
                0x0000000010001780       0x10 CMakeFiles/stepper_motor.dir/home/delo/Dropbox/raspberry_pi/pico/sdk/pico-sdk/src/rp2_common/hardware_watchdog/watchdog.c.obj
                0x0000000010001780                watchdog_start_tick
 .text.xosc_init
                0x0000000010001790       0x28 CMakeFiles/stepper_motor.dir/home/delo/Dropbox/raspberry_pi/pico/sdk/pico-sdk/src/rp2_common/hardware_xosc/xosc.c.obj
                0x0000000010001790                xosc_init
 .text.pll_init
                0x00000000100017b8       0xd0 CMakeFiles/stepper_motor.dir/home/delo/Dropbox/raspberry_pi/pico/sdk/pico-sdk/src/rp2_common/hardware_pll/pll.c.obj
                0x00000000100017b8                pll_init
 .text.set_raw_irq_handler_and_unlock
                0x0000000010001888       0x28 CMakeFiles/stepper_motor.dir/home/delo/Dropbox/raspberry_pi/pico/sdk/pico-sdk/src/rp2_common/hardware_irq/irq.c.obj
 .text.make_branch
                0x00000000100018b0       0x34 CMakeFiles/stepper_motor.dir/home/delo/Dropbox/raspberry_pi/pico/sdk/pico-sdk/src/rp2_common/hardware_irq/irq.c.obj
 .text.insert_branch_and_link
                0x00000000100018e4       0x40 CMakeFiles/stepper_motor.dir/home/delo/Dropbox/raspberry_pi/pico/sdk/pico-sdk/src/rp2_common/hardware_irq/irq.c.obj
 .text.irq_is_enabled
                0x0000000010001924       0x18 CMakeFiles/stepper_motor.dir/home/delo/Dropbox/raspberry_pi/pico/sdk/pico-sdk/src/rp2_common/hardware_irq/irq.c.obj
                0x0000000010001924                irq_is_enabled
 .text.irq_set_mask_enabled
                0x000000001000193c       0x20 CMakeFiles/stepper_motor.dir/home/delo/Dropbox/raspberry_pi/pico/sdk/pico-sdk/src/rp2_common/hardware_irq/irq.c.obj
                0x000000001000193c                irq_set_mask_enabled
 .text.irq_set_enabled
                0x000000001000195c        0xe CMakeFiles/stepper_motor.dir/home/delo/Dropbox/raspberry_pi/pico/sdk/pico-sdk/src/rp2_common/hardware_irq/irq.c.obj
                0x000000001000195c                irq_set_enabled
 *fill*         0x000000001000196a        0x2 
 .text.irq_get_vtable_handler
                0x000000001000196c       0x10 CMakeFiles/stepper_motor.dir/home/delo/Dropbox/raspberry_pi/pico/sdk/pico-sdk/src/rp2_common/hardware_irq/irq.c.obj
                0x000000001000196c                irq_get_vtable_handler
 .text.irq_set_exclusive_handler
                0x000000001000197c       0x54 CMakeFiles/stepper_motor.dir/home/delo/Dropbox/raspberry_pi/pico/sdk/pico-sdk/src/rp2_common/hardware_irq/irq.c.obj
                0x000000001000197c                irq_set_exclusive_handler
 .text.irq_remove_handler
                0x00000000100019d0      0x1ac CMakeFiles/stepper_motor.dir/home/delo/Dropbox/raspberry_pi/pico/sdk/pico-sdk/src/rp2_common/hardware_irq/irq.c.obj
                0x00000000100019d0                irq_remove_handler
 .text.irq_set_priority
                0x0000000010001b7c       0x28 CMakeFiles/stepper_motor.dir/home/delo/Dropbox/raspberry_pi/pico/sdk/pico-sdk/src/rp2_common/hardware_irq/irq.c.obj
                0x0000000010001b7c                irq_set_priority
 .text.irq_add_tail_to_free_list
                0x0000000010001ba4       0xf0 CMakeFiles/stepper_motor.dir/home/delo/Dropbox/raspberry_pi/pico/sdk/pico-sdk/src/rp2_common/hardware_irq/irq.c.obj
                0x0000000010001ba4                irq_add_tail_to_free_list
 .text.irq_init_priorities
                0x0000000010001c94       0x16 CMakeFiles/stepper_motor.dir/home/delo/Dropbox/raspberry_pi/pico/sdk/pico-sdk/src/rp2_common/hardware_irq/irq.c.obj
                0x0000000010001c94                irq_init_priorities
 .text._out_null
                0x0000000010001caa        0x2 CMakeFiles/stepper_motor.dir/home/delo/Dropbox/raspberry_pi/pico/sdk/pico-sdk/src/rp2_common/pico_printf/printf.c.obj
 .text._out_fct
                0x0000000010001cac        0xe CMakeFiles/stepper_motor.dir/home/delo/Dropbox/raspberry_pi/pico/sdk/pico-sdk/src/rp2_common/pico_printf/printf.c.obj
 .text._atoi    0x0000000010001cba       0x24 CMakeFiles/stepper_motor.dir/home/delo/Dropbox/raspberry_pi/pico/sdk/pico-sdk/src/rp2_common/pico_printf/printf.c.obj
 .text._out_rev
                0x0000000010001cde       0xae CMakeFiles/stepper_motor.dir/home/delo/Dropbox/raspberry_pi/pico/sdk/pico-sdk/src/rp2_common/pico_printf/printf.c.obj
 .text._ntoa_format
                0x0000000010001d8c      0x112 CMakeFiles/stepper_motor.dir/home/delo/Dropbox/raspberry_pi/pico/sdk/pico-sdk/src/rp2_common/pico_printf/printf.c.obj
 .text._ntoa_long
                0x0000000010001e9e       0xbc CMakeFiles/stepper_motor.dir/home/delo/Dropbox/raspberry_pi/pico/sdk/pico-sdk/src/rp2_common/pico_printf/printf.c.obj
 .text._ntoa_long_long
                0x0000000010001f5a       0xe2 CMakeFiles/stepper_motor.dir/home/delo/Dropbox/raspberry_pi/pico/sdk/pico-sdk/src/rp2_common/pico_printf/printf.c.obj
 .text._etoa    0x000000001000203c      0x414 CMakeFiles/stepper_motor.dir/home/delo/Dropbox/raspberry_pi/pico/sdk/pico-sdk/src/rp2_common/pico_printf/printf.c.obj
 .text._ftoa    0x0000000010002450      0x354 CMakeFiles/stepper_motor.dir/home/delo/Dropbox/raspberry_pi/pico/sdk/pico-sdk/src/rp2_common/pico_printf/printf.c.obj
 .text._vsnprintf
                0x00000000100027a4      0x650 CMakeFiles/stepper_motor.dir/home/delo/Dropbox/raspberry_pi/pico/sdk/pico-sdk/src/rp2_common/pico_printf/printf.c.obj
 .text.vfctprintf
                0x0000000010002df4       0x20 CMakeFiles/stepper_motor.dir/home/delo/Dropbox/raspberry_pi/pico/sdk/pico-sdk/src/rp2_common/pico_printf/printf.c.obj
                0x0000000010002df4                vfctprintf
 .text          0x0000000010002e14       0x10 CMakeFiles/stepper_motor.dir/home/delo/Dropbox/raspberry_pi/pico/sdk/pico-sdk/src/rp2_common/pico_bit_ops/bit_ops_aeabi.S.obj
 .text.rom_func_lookup
                0x0000000010002e24       0x10 CMakeFiles/stepper_motor.dir/home/delo/Dropbox/raspberry_pi/pico/sdk/pico-sdk/src/rp2_common/pico_bootrom/bootrom.c.obj
                0x0000000010002e24                rom_func_lookup
 .text.rom_data_lookup
                0x0000000010002e34       0x10 CMakeFiles/stepper_motor.dir/home/delo/Dropbox/raspberry_pi/pico/sdk/pico-sdk/src/rp2_common/pico_bootrom/bootrom.c.obj
                0x0000000010002e34                rom_data_lookup
 .text.rom_funcs_lookup
                0x0000000010002e44       0x36 CMakeFiles/stepper_motor.dir/home/delo/Dropbox/raspberry_pi/pico/sdk/pico-sdk/src/rp2_common/pico_bootrom/bootrom.c.obj
                0x0000000010002e44                rom_funcs_lookup
 *fill*         0x0000000010002e7a        0x2 
 .text.__wrap___aeabi_idiv
                0x0000000010002e7c       0x58 CMakeFiles/stepper_motor.dir/home/delo/Dropbox/raspberry_pi/pico/sdk/pico-sdk/src/rp2_common/pico_divider/divider.S.obj
                0x0000000010002e7c                __wrap___aeabi_idivmod
                0x0000000010002e7c                divmod_s32s32
                0x0000000010002e7c                div_s32s32
                0x0000000010002e7c                __wrap___aeabi_idiv
                0x0000000010002e84                divmod_s32s32_unsafe
                0x0000000010002eb0                divmod_s32s32_savestate
 .text.__wrap___aeabi_uidiv
                0x0000000010002ed4       0x54 CMakeFiles/stepper_motor.dir/home/delo/Dropbox/raspberry_pi/pico/sdk/pico-sdk/src/rp2_common/pico_divider/divider.S.obj
                0x0000000010002ed4                __wrap___aeabi_uidiv
                0x0000000010002ed4                __wrap___aeabi_uidivmod
                0x0000000010002ed4                div_u32u32
                0x0000000010002ed4                divmod_u32u32
                0x0000000010002edc                divmod_u32u32_unsafe
                0x0000000010002f04                divmod_u32u32_savestate
 .text.__wrap___aeabi_ldiv
                0x0000000010002f28      0x430 CMakeFiles/stepper_motor.dir/home/delo/Dropbox/raspberry_pi/pico/sdk/pico-sdk/src/rp2_common/pico_divider/divider.S.obj
                0x0000000010002f28                div_s64s64
                0x0000000010002f28                divmod_s64s64
                0x0000000010002f28                __wrap___aeabi_ldivmod
                0x0000000010002f60                div_u64u64
                0x0000000010002f60                divmod_u64u64
                0x0000000010002f60                __wrap___aeabi_uldivmod
                0x0000000010002f70                divmod_u64u64_savestate
                0x0000000010002f98                divmod_s64s64_unsafe
                0x0000000010003020                divmod_u64u64_unsafe
 .text.__wrap___aeabi_darithmetic
                0x0000000010003358       0x54 CMakeFiles/stepper_motor.dir/home/delo/Dropbox/raspberry_pi/pico/sdk/pico-sdk/src/rp2_common/pico_double/double_aeabi.S.obj
                0x0000000010003358                __wrap___aeabi_drsub
                0x000000001000335e                __wrap___aeabi_dsub
                0x0000000010003370                __wrap___aeabi_dadd
                0x0000000010003382                __wrap___aeabi_ddiv
                0x0000000010003394                __wrap___aeabi_dmul
 .text.__wrap___aeabi_cdcmple
                0x00000000100033ac       0x6c CMakeFiles/stepper_motor.dir/home/delo/Dropbox/raspberry_pi/pico/sdk/pico-sdk/src/rp2_common/pico_double/double_aeabi.S.obj
                0x00000000100033ac                __wrap___aeabi_cdrcmple
                0x00000000100033bc                __wrap___aeabi_cdcmple
                0x00000000100033bc                __wrap___aeabi_cdcmpeq
 .text.__wrap___aeabi_dcmplt
                0x0000000010003418        0xc CMakeFiles/stepper_motor.dir/home/delo/Dropbox/raspberry_pi/pico/sdk/pico-sdk/src/rp2_common/pico_double/double_aeabi.S.obj
                0x0000000010003418                __wrap___aeabi_dcmplt
 .text.__wrap___aeabi_dcmple
                0x0000000010003424       0x10 CMakeFiles/stepper_motor.dir/home/delo/Dropbox/raspberry_pi/pico/sdk/pico-sdk/src/rp2_common/pico_double/double_aeabi.S.obj
                0x0000000010003424                __wrap___aeabi_dcmple
 .text.__wrap___aeabi_dcmpge
                0x0000000010003434       0x10 CMakeFiles/stepper_motor.dir/home/delo/Dropbox/raspberry_pi/pico/sdk/pico-sdk/src/rp2_common/pico_double/double_aeabi.S.obj
                0x0000000010003434                __wrap___aeabi_dcmpge
 .text.__wrap___aeabi_dcmpgt
                0x0000000010003444        0xa CMakeFiles/stepper_motor.dir/home/delo/Dropbox/raspberry_pi/pico/sdk/pico-sdk/src/rp2_common/pico_double/double_aeabi.S.obj
                0x0000000010003444                __wrap___aeabi_dcmpgt
 .text.__wrap___aeabi_dcmpun
                0x000000001000344e       0x1c CMakeFiles/stepper_motor.dir/home/delo/Dropbox/raspberry_pi/pico/sdk/pico-sdk/src/rp2_common/pico_double/double_aeabi.S.obj
                0x000000001000344e                __wrap___aeabi_dcmpun
 *fill*         0x000000001000346a        0x2 
 .text.__wrap___aeabi_i2d
                0x000000001000346c       0x38 CMakeFiles/stepper_motor.dir/home/delo/Dropbox/raspberry_pi/pico/sdk/pico-sdk/src/rp2_common/pico_double/double_aeabi.S.obj
                0x000000001000346c                __wrap___aeabi_ui2d
                0x0000000010003474                __wrap___aeabi_i2d
 .text.__wrap___aeabi_d2iz
                0x00000000100034a4       0x48 CMakeFiles/stepper_motor.dir/home/delo/Dropbox/raspberry_pi/pico/sdk/pico-sdk/src/rp2_common/pico_double/double_aeabi.S.obj
                0x00000000100034a4                __wrap___aeabi_d2iz
                0x00000000100034a4                double2int_z
 .text.__wrap___aeabi_d2uiz
                0x00000000100034ec       0x18 CMakeFiles/stepper_motor.dir/home/delo/Dropbox/raspberry_pi/pico/sdk/pico-sdk/src/rp2_common/pico_double/double_aeabi.S.obj
                0x00000000100034ec                double2uint
                0x00000000100034ec                __wrap___aeabi_d2uiz
 .text.__aeabi_double_init
                0x0000000010003504       0xb8 CMakeFiles/stepper_motor.dir/home/delo/Dropbox/raspberry_pi/pico/sdk/pico-sdk/src/rp2_common/pico_double/double_init_rom.c.obj
                0x0000000010003504                __aeabi_double_init
 .text.double_table_shim_on_use_helper
                0x00000000100035bc       0x34 CMakeFiles/stepper_motor.dir/home/delo/Dropbox/raspberry_pi/pico/sdk/pico-sdk/src/rp2_common/pico_double/double_v1_rom_shim.S.obj
                0x00000000100035bc                double_table_shim_on_use_helper
 .text.__wrap___aeabi_dsub
                0x00000000100035f0       0x10 CMakeFiles/stepper_motor.dir/home/delo/Dropbox/raspberry_pi/pico/sdk/pico-sdk/src/rp2_common/pico_double/double_v1_rom_shim.S.obj
                0x00000000100035f0                drsub_shim
                0x00000000100035f6                dsub_shim
 .text.dadd_shim
                0x0000000010003600      0x15c CMakeFiles/stepper_motor.dir/home/delo/Dropbox/raspberry_pi/pico/sdk/pico-sdk/src/rp2_common/pico_double/double_v1_rom_shim.S.obj
                0x0000000010003600                dadd_shim
 .text.dmul_shim
                0x000000001000375c      0x15c CMakeFiles/stepper_motor.dir/home/delo/Dropbox/raspberry_pi/pico/sdk/pico-sdk/src/rp2_common/pico_double/double_v1_rom_shim.S.obj
                0x000000001000375c                dmul_shim
 .text.ddiv_shim
                0x00000000100038b8      0x1b0 CMakeFiles/stepper_motor.dir/home/delo/Dropbox/raspberry_pi/pico/sdk/pico-sdk/src/rp2_common/pico_double/double_v1_rom_shim.S.obj
                0x00000000100038b8                ddiv_shim
 .text.dcordic_rot_step
                0x0000000010003a68       0x7c CMakeFiles/stepper_motor.dir/home/delo/Dropbox/raspberry_pi/pico/sdk/pico-sdk/src/rp2_common/pico_double/double_v1_rom_shim.S.obj
                0x0000000010003a68                dcordic_rot_step
 .text.double2uint_shim
                0x0000000010003ae4        0xe CMakeFiles/stepper_motor.dir/home/delo/Dropbox/raspberry_pi/pico/sdk/pico-sdk/src/rp2_common/pico_double/double_v1_rom_shim.S.obj
                0x0000000010003ae4                double2uint_shim
                0x0000000010003ae6                double2ufix_shim
 *fill*         0x0000000010003af2        0x2 
 .text.double2uint64_shim
                0x0000000010003af4       0x6c CMakeFiles/stepper_motor.dir/home/delo/Dropbox/raspberry_pi/pico/sdk/pico-sdk/src/rp2_common/pico_double/double_v1_rom_shim.S.obj
                0x0000000010003af4                double2uint64_shim
                0x0000000010003af6                double2ufix64_shim
                0x0000000010003b10                d2fix_a
 .text.dunpacks
                0x0000000010003b60       0x3c CMakeFiles/stepper_motor.dir/home/delo/Dropbox/raspberry_pi/pico/sdk/pico-sdk/src/rp2_common/pico_double/double_v1_rom_shim.S.obj
                0x0000000010003b60                dunpacks
 .text.__aeabi_lmul
                0x0000000010003b9c       0x32 CMakeFiles/stepper_motor.dir/home/delo/Dropbox/raspberry_pi/pico/sdk/pico-sdk/src/rp2_common/pico_int64_ops/pico_int64_ops_aeabi.S.obj
                0x0000000010003b9c                __wrap___aeabi_lmul
 *fill*         0x0000000010003bce        0x2 
 .text.__aeabi_float_init
                0x0000000010003bd0       0xfc CMakeFiles/stepper_motor.dir/home/delo/Dropbox/raspberry_pi/pico/sdk/pico-sdk/src/rp2_common/pico_float/float_init_rom.c.obj
                0x0000000010003bd0                __aeabi_float_init
 .text.float_table_shim_on_use_helper
                0x0000000010003ccc       0x34 CMakeFiles/stepper_motor.dir/home/delo/Dropbox/raspberry_pi/pico/sdk/pico-sdk/src/rp2_common/pico_float/float_v1_rom_shim.S.obj
                0x0000000010003ccc                float_table_shim_on_use_helper
 .text          0x0000000010003d00       0x10 CMakeFiles/stepper_motor.dir/home/delo/Dropbox/raspberry_pi/pico/sdk/pico-sdk/src/rp2_common/pico_mem_ops/mem_ops_aeabi.S.obj
                0x0000000010003d00                __aeabi_mem_init
 .text.memset   0x0000000010003d10        0xc CMakeFiles/stepper_motor.dir/home/delo/Dropbox/raspberry_pi/pico/sdk/pico-sdk/src/rp2_common/pico_mem_ops/mem_ops_aeabi.S.obj
                0x0000000010003d10                __wrap_memset
 .text.memcpy   0x0000000010003d1c        0xc CMakeFiles/stepper_motor.dir/home/delo/Dropbox/raspberry_pi/pico/sdk/pico-sdk/src/rp2_common/pico_mem_ops/mem_ops_aeabi.S.obj
                0x0000000010003d1c                __wrap___aeabi_memcpy
                0x0000000010003d1c                __wrap_memcpy
 .text.stdio_out_chars_crlf
                0x0000000010003d28       0x80 CMakeFiles/stepper_motor.dir/home/delo/Dropbox/raspberry_pi/pico/sdk/pico-sdk/src/rp2_common/pico_stdio/stdio.c.obj
 .text.stdio_stack_buffer_flush
                0x0000000010003da8       0x44 CMakeFiles/stepper_motor.dir/home/delo/Dropbox/raspberry_pi/pico/sdk/pico-sdk/src/rp2_common/pico_stdio/stdio.c.obj
 .text.stdio_buffered_printer
                0x0000000010003dec       0x20 CMakeFiles/stepper_motor.dir/home/delo/Dropbox/raspberry_pi/pico/sdk/pico-sdk/src/rp2_common/pico_stdio/stdio.c.obj
 .text.stdout_serialize_begin
                0x0000000010003e0c       0x2c CMakeFiles/stepper_motor.dir/home/delo/Dropbox/raspberry_pi/pico/sdk/pico-sdk/src/rp2_common/pico_stdio/stdio.c.obj
                0x0000000010003e0c                stdout_serialize_begin
 .text.stdout_serialize_end
                0x0000000010003e38       0x10 CMakeFiles/stepper_motor.dir/home/delo/Dropbox/raspberry_pi/pico/sdk/pico-sdk/src/rp2_common/pico_stdio/stdio.c.obj
                0x0000000010003e38                stdout_serialize_end
 .text.stdio_put_string
                0x0000000010003e48       0x84 CMakeFiles/stepper_motor.dir/home/delo/Dropbox/raspberry_pi/pico/sdk/pico-sdk/src/rp2_common/pico_stdio/stdio.c.obj
 .text.stdio_flush
                0x0000000010003ecc       0x20 CMakeFiles/stepper_motor.dir/home/delo/Dropbox/raspberry_pi/pico/sdk/pico-sdk/src/rp2_common/pico_stdio/stdio.c.obj
                0x0000000010003ecc                stdio_flush
 .text.__wrap_puts
                0x0000000010003eec       0x1c CMakeFiles/stepper_motor.dir/home/delo/Dropbox/raspberry_pi/pico/sdk/pico-sdk/src/rp2_common/pico_stdio/stdio.c.obj
                0x0000000010003eec                __wrap_puts
 .text.__wrap_vprintf
                0x0000000010003f08       0x44 CMakeFiles/stepper_motor.dir/home/delo/Dropbox/raspberry_pi/pico/sdk/pico-sdk/src/rp2_common/pico_stdio/stdio.c.obj
                0x0000000010003f08                __wrap_vprintf
 .text.__wrap_printf
                0x0000000010003f4c       0x18 CMakeFiles/stepper_motor.dir/home/delo/Dropbox/raspberry_pi/pico/sdk/pico-sdk/src/rp2_common/pico_stdio/stdio.c.obj
                0x0000000010003f4c                __wrap_printf
 .text.atexit   0x0000000010003f64       0x10 /usr/lib/gcc/arm-none-eabi/11.2.0/../../../../arm-none-eabi/lib/thumb/v6-m/nofp/libg.a(lib_a-atexit.o)
                0x0000000010003f64                atexit
 .text.__libc_fini_array
                0x0000000010003f74       0x28 /usr/lib/gcc/arm-none-eabi/11.2.0/../../../../arm-none-eabi/lib/thumb/v6-m/nofp/libg.a(lib_a-fini.o)
                0x0000000010003f74                __libc_fini_array
 .text.strlen   0x0000000010003f9c       0x5c /usr/lib/gcc/arm-none-eabi/11.2.0/../../../../arm-none-eabi/lib/thumb/v6-m/nofp/libg.a(lib_a-strlen-stub.o)
                0x0000000010003f9c                strlen
 .text.__register_exitproc
                0x0000000010003ff8       0xb0 /usr/lib/gcc/arm-none-eabi/11.2.0/../../../../arm-none-eabi/lib/thumb/v6-m/nofp/libg.a(lib_a-__atexit.o)
                0x0000000010003ff8                __register_exitproc
 .text.startup.register_fini
                0x00000000100040a8       0x18 /usr/lib/gcc/arm-none-eabi/11.2.0/../../../../arm-none-eabi/lib/thumb/v6-m/nofp/libg.a(lib_a-__call_atexit.o)
 .text.__retarget_lock_acquire_recursive
                0x00000000100040c0        0x4 /usr/lib/gcc/arm-none-eabi/11.2.0/../../../../arm-none-eabi/lib/thumb/v6-m/nofp/libg.a(lib_a-lock.o)
                0x00000000100040c0                __retarget_lock_acquire_recursive
 .text.__retarget_lock_release_recursive
                0x00000000100040c4        0x4 /usr/lib/gcc/arm-none-eabi/11.2.0/../../../../arm-none-eabi/lib/thumb/v6-m/nofp/libg.a(lib_a-lock.o)
                0x00000000100040c4                __retarget_lock_release_recursive
 *(.fini)
 .fini          0x00000000100040c8        0x4 /usr/lib/gcc/arm-none-eabi/11.2.0/thumb/v6-m/nofp/crti.o
                0x00000000100040c8                _fini
 *fill*         0x00000000100040cc        0x4 
 .fini.__stub   0x00000000100040d0       0x50 linker stubs
 *crtbegin.o(.ctors)
 *crtbegin?.o(.ctors)
 *(EXCLUDE_FILE(*crtend.o *crtend?.o) .ctors)
 *(SORT_BY_NAME(.ctors.*))
 *(.ctors)
 *crtbegin.o(.dtors)
 *crtbegin?.o(.dtors)
 *(EXCLUDE_FILE(*crtend.o *crtend?.o) .dtors)
 *(SORT_BY_NAME(.dtors.*))
 *(.dtors)
 *(.eh_frame*)
 .eh_frame      0x0000000010004120        0x0 /usr/lib/gcc/arm-none-eabi/11.2.0/thumb/v6-m/nofp/crtbegin.o
                0x0000000010004120                . = ALIGN (0x4)

.glue_7         0x0000000010004120        0x0
 .glue_7        0x0000000010004120        0x0 linker stubs

.glue_7t        0x0000000010004120        0x0
 .glue_7t       0x0000000010004120        0x0 linker stubs

.vfp11_veneer   0x0000000010004120        0x0
 .vfp11_veneer  0x0000000010004120        0x0 linker stubs

.v4_bx          0x0000000010004120        0x0
 .v4_bx         0x0000000010004120        0x0 linker stubs

.iplt           0x0000000010004120        0x0
 .iplt          0x0000000010004120        0x0 /usr/lib/gcc/arm-none-eabi/11.2.0/thumb/v6-m/nofp/crtbegin.o

.rodata         0x0000000010004120      0xddc
 *(EXCLUDE_FILE(*libm.a: *libc.a:*lib_a-mem*.o *libgcc.a:) .rodata*)
 .rodata.STEPS  0x0000000010004120       0x40 CMakeFiles/stepper_motor.dir/main.c.obj
                0x0000000010004120                STEPS
 .rodata.repeating_timer_callback.str1.4
                0x0000000010004160       0x62 CMakeFiles/stepper_motor.dir/home/delo/Dropbox/raspberry_pi/pico/sdk/pico-sdk/src/common/pico_time/time.c.obj
 *fill*         0x00000000100041c2        0x2 
 .rodata.timer_pool_entry_comparator.str1.4
                0x00000000100041c4       0x22 CMakeFiles/stepper_motor.dir/home/delo/Dropbox/raspberry_pi/pico/sdk/pico-sdk/src/common/pico_time/time.c.obj
 *fill*         0x00000000100041e6        0x2 
 .rodata.ph_add_child_node.str1.4
                0x00000000100041e8       0xae CMakeFiles/stepper_motor.dir/home/delo/Dropbox/raspberry_pi/pico/sdk/pico-sdk/src/common/pico_time/time.c.obj
 *fill*         0x0000000010004296        0x2 
 .rodata.add_alarm_under_lock.str1.4
                0x0000000010004298       0x28 CMakeFiles/stepper_motor.dir/home/delo/Dropbox/raspberry_pi/pico/sdk/pico-sdk/src/common/pico_time/time.c.obj
                                         0x2b (size before relaxing)
 .rodata.alarm_pool_alarm_callback.str1.4
                0x00000000100042c0       0x82 CMakeFiles/stepper_motor.dir/home/delo/Dropbox/raspberry_pi/pico/sdk/pico-sdk/src/common/pico_time/time.c.obj
 *fill*         0x0000000010004342        0x2 
 .rodata.alarm_pool_get_default.str1.4
                0x0000000010004344       0x21 CMakeFiles/stepper_motor.dir/home/delo/Dropbox/raspberry_pi/pico/sdk/pico-sdk/src/common/pico_time/time.c.obj
 *fill*         0x0000000010004365        0x3 
 .rodata.sleep_until.str1.4
                0x0000000010004368       0x4d CMakeFiles/stepper_motor.dir/home/delo/Dropbox/raspberry_pi/pico/sdk/pico-sdk/src/common/pico_time/time.c.obj
 *fill*         0x00000000100043b5        0x3 
 .rodata.__func__.10
                0x00000000100043b8       0x1a CMakeFiles/stepper_motor.dir/home/delo/Dropbox/raspberry_pi/pico/sdk/pico-sdk/src/common/pico_time/time.c.obj
 *fill*         0x00000000100043d2        0x2 
 .rodata.__func__.11
                0x00000000100043d4        0xa CMakeFiles/stepper_motor.dir/home/delo/Dropbox/raspberry_pi/pico/sdk/pico-sdk/src/common/pico_time/time.c.obj
 *fill*         0x00000000100043de        0x2 
 .rodata.__func__.3
                0x00000000100043e0       0x17 CMakeFiles/stepper_motor.dir/home/delo/Dropbox/raspberry_pi/pico/sdk/pico-sdk/src/common/pico_time/time.c.obj
 *fill*         0x00000000100043f7        0x1 
 .rodata.__func__.4
                0x00000000100043f8       0x12 CMakeFiles/stepper_motor.dir/home/delo/Dropbox/raspberry_pi/pico/sdk/pico-sdk/src/common/pico_time/time.c.obj
 *fill*         0x000000001000440a        0x2 
 .rodata.__func__.5
                0x000000001000440c        0xd CMakeFiles/stepper_motor.dir/home/delo/Dropbox/raspberry_pi/pico/sdk/pico-sdk/src/common/pico_time/time.c.obj
 *fill*         0x0000000010004419        0x3 
 .rodata.__func__.6
                0x000000001000441c       0x12 CMakeFiles/stepper_motor.dir/home/delo/Dropbox/raspberry_pi/pico/sdk/pico-sdk/src/common/pico_time/time.c.obj
 *fill*         0x000000001000442e        0x2 
 .rodata.__func__.7
                0x0000000010004430        0xf CMakeFiles/stepper_motor.dir/home/delo/Dropbox/raspberry_pi/pico/sdk/pico-sdk/src/common/pico_time/time.c.obj
 *fill*         0x000000001000443f        0x1 
 .rodata.__func__.8
                0x0000000010004440        0xc CMakeFiles/stepper_motor.dir/home/delo/Dropbox/raspberry_pi/pico/sdk/pico-sdk/src/common/pico_time/time.c.obj
 .rodata.__func__.9
                0x000000001000444c       0x15 CMakeFiles/stepper_motor.dir/home/delo/Dropbox/raspberry_pi/pico/sdk/pico-sdk/src/common/pico_time/time.c.obj
 *fill*         0x0000000010004461        0x3 
 .rodata.hardware_alarm_claim.str1.4
                0x0000000010004464       0x22 CMakeFiles/stepper_motor.dir/home/delo/Dropbox/raspberry_pi/pico/sdk/pico-sdk/src/rp2_common/hardware_timer/timer.c.obj
 *fill*         0x0000000010004486        0x2 
 .rodata.hardware_alarm_set_target.str1.4
                0x0000000010004488       0x7c CMakeFiles/stepper_motor.dir/home/delo/Dropbox/raspberry_pi/pico/sdk/pico-sdk/src/rp2_common/hardware_timer/timer.c.obj
 .rodata.__func__.0
                0x0000000010004504       0x1a CMakeFiles/stepper_motor.dir/home/delo/Dropbox/raspberry_pi/pico/sdk/pico-sdk/src/rp2_common/hardware_timer/timer.c.obj
 *fill*         0x000000001000451e        0x2 
 .rodata.str1.4
                0x0000000010004520       0x74 CMakeFiles/stepper_motor.dir/home/delo/Dropbox/raspberry_pi/pico/sdk/pico-sdk/src/common/pico_sync/mutex.c.obj
 .rodata.__func__.0
                0x0000000010004594        0xb CMakeFiles/stepper_motor.dir/home/delo/Dropbox/raspberry_pi/pico/sdk/pico-sdk/src/common/pico_sync/mutex.c.obj
 *fill*         0x000000001000459f        0x1 
 .rodata.__func__.2
                0x00000000100045a0       0x15 CMakeFiles/stepper_motor.dir/home/delo/Dropbox/raspberry_pi/pico/sdk/pico-sdk/src/common/pico_sync/mutex.c.obj
 .rodata.ph_add_child_node.str1.4
                0x00000000100045b5       0xae CMakeFiles/stepper_motor.dir/home/delo/Dropbox/raspberry_pi/pico/sdk/pico-sdk/src/common/pico_util/pheap.c.obj
 *fill*         0x00000000100045b5        0x3 
 .rodata.ph_remove_any_head.str1.4
                0x00000000100045b8       0xa4 CMakeFiles/stepper_motor.dir/home/delo/Dropbox/raspberry_pi/pico/sdk/pico-sdk/src/common/pico_util/pheap.c.obj
 .rodata.ph_remove_and_free_node.str1.4
                0x000000001000465c       0x26 CMakeFiles/stepper_motor.dir/home/delo/Dropbox/raspberry_pi/pico/sdk/pico-sdk/src/common/pico_util/pheap.c.obj
 *fill*         0x0000000010004682        0x2 
 .rodata.__func__.0
                0x0000000010004684       0x18 CMakeFiles/stepper_motor.dir/home/delo/Dropbox/raspberry_pi/pico/sdk/pico-sdk/src/common/pico_util/pheap.c.obj
 .rodata.__func__.1
                0x000000001000469c       0x13 CMakeFiles/stepper_motor.dir/home/delo/Dropbox/raspberry_pi/pico/sdk/pico-sdk/src/common/pico_util/pheap.c.obj
 *fill*         0x00000000100046af        0x1 
 .rodata.__func__.2
                0x00000000100046b0       0x12 CMakeFiles/stepper_motor.dir/home/delo/Dropbox/raspberry_pi/pico/sdk/pico-sdk/src/common/pico_util/pheap.c.obj
 *fill*         0x00000000100046c2        0x2 
 .rodata.__func__.3
                0x00000000100046c4        0xc CMakeFiles/stepper_motor.dir/home/delo/Dropbox/raspberry_pi/pico/sdk/pico-sdk/src/common/pico_util/pheap.c.obj
 .rodata.__assert_func.str1.4
                0x00000000100046d0       0x3f CMakeFiles/stepper_motor.dir/home/delo/Dropbox/raspberry_pi/pico/sdk/pico-sdk/src/rp2_common/pico_runtime/runtime.c.obj
                                         0x43 (size before relaxing)
 *fill*         0x000000001000470f        0x1 
 .rodata.panic.str1.4
                0x0000000010004710       0x12 CMakeFiles/stepper_motor.dir/home/delo/Dropbox/raspberry_pi/pico/sdk/pico-sdk/src/rp2_common/pico_runtime/runtime.c.obj
 *fill*         0x0000000010004722        0x2 
 .rodata.clock_configure.str1.4
                0x0000000010004724       0x6e CMakeFiles/stepper_motor.dir/home/delo/Dropbox/raspberry_pi/pico/sdk/pico-sdk/src/rp2_common/hardware_clocks/clocks.c.obj
 *fill*         0x0000000010004792        0x2 
 .rodata.__func__.1
                0x0000000010004794       0x10 CMakeFiles/stepper_motor.dir/home/delo/Dropbox/raspberry_pi/pico/sdk/pico-sdk/src/rp2_common/hardware_clocks/clocks.c.obj
 .rodata.pll_init.str1.4
                0x00000000100047a4       0xef CMakeFiles/stepper_motor.dir/home/delo/Dropbox/raspberry_pi/pico/sdk/pico-sdk/src/rp2_common/hardware_pll/pll.c.obj
 *fill*         0x0000000010004893        0x1 
 .rodata.__func__.0
                0x0000000010004894        0x9 CMakeFiles/stepper_motor.dir/home/delo/Dropbox/raspberry_pi/pico/sdk/pico-sdk/src/rp2_common/hardware_pll/pll.c.obj
 *fill*         0x000000001000489d        0x3 
 .rodata.make_branch.str1.4
                0x00000000100048a0       0x64 CMakeFiles/stepper_motor.dir/home/delo/Dropbox/raspberry_pi/pico/sdk/pico-sdk/src/rp2_common/hardware_irq/irq.c.obj
 .rodata.irq_set_exclusive_handler.str1.4
                0x0000000010004904       0x36 CMakeFiles/stepper_motor.dir/home/delo/Dropbox/raspberry_pi/pico/sdk/pico-sdk/src/rp2_common/hardware_irq/irq.c.obj
 *fill*         0x000000001000493a        0x2 
 .rodata.irq_add_shared_handler.str1.4
                0x000000001000493c       0xd9 CMakeFiles/stepper_motor.dir/home/delo/Dropbox/raspberry_pi/pico/sdk/pico-sdk/src/rp2_common/hardware_irq/irq.c.obj
 *fill*         0x0000000010004a15        0x3 
 .rodata.irq_remove_handler.str1.4
                0x0000000010004a18       0x2a CMakeFiles/stepper_motor.dir/home/delo/Dropbox/raspberry_pi/pico/sdk/pico-sdk/src/rp2_common/hardware_irq/irq.c.obj
 *fill*         0x0000000010004a42        0x2 
 .rodata.irq_add_tail_to_free_list.str1.4
                0x0000000010004a44       0x32 CMakeFiles/stepper_motor.dir/home/delo/Dropbox/raspberry_pi/pico/sdk/pico-sdk/src/rp2_common/hardware_irq/irq.c.obj
                                         0x3a (size before relaxing)
 *fill*         0x0000000010004a76        0x2 
 .rodata.__func__.0
                0x0000000010004a78       0x1a CMakeFiles/stepper_motor.dir/home/delo/Dropbox/raspberry_pi/pico/sdk/pico-sdk/src/rp2_common/hardware_irq/irq.c.obj
 *fill*         0x0000000010004a92        0x2 
 .rodata.__func__.1
                0x0000000010004a94       0x17 CMakeFiles/stepper_motor.dir/home/delo/Dropbox/raspberry_pi/pico/sdk/pico-sdk/src/rp2_common/hardware_irq/irq.c.obj
 *fill*         0x0000000010004aab        0x1 
 .rodata.__func__.2
                0x0000000010004aac       0x13 CMakeFiles/stepper_motor.dir/home/delo/Dropbox/raspberry_pi/pico/sdk/pico-sdk/src/rp2_common/hardware_irq/irq.c.obj
 *fill*         0x0000000010004abf        0x1 
 .rodata.__func__.3
                0x0000000010004ac0        0xc CMakeFiles/stepper_motor.dir/home/delo/Dropbox/raspberry_pi/pico/sdk/pico-sdk/src/rp2_common/hardware_irq/irq.c.obj
 .rodata.__func__.4
                0x0000000010004acc        0xf CMakeFiles/stepper_motor.dir/home/delo/Dropbox/raspberry_pi/pico/sdk/pico-sdk/src/rp2_common/hardware_irq/irq.c.obj
 *fill*         0x0000000010004adb        0x1 
 .rodata.__func__.6
                0x0000000010004adc       0x1a CMakeFiles/stepper_motor.dir/home/delo/Dropbox/raspberry_pi/pico/sdk/pico-sdk/src/rp2_common/hardware_irq/irq.c.obj
 *fill*         0x0000000010004af6        0x2 
 .rodata._ftoa.str1.4
                0x0000000010004af8       0x15 CMakeFiles/stepper_motor.dir/home/delo/Dropbox/raspberry_pi/pico/sdk/pico-sdk/src/rp2_common/pico_printf/printf.c.obj
 *fill*         0x0000000010004b0d        0x3 
 .rodata._vsnprintf
                0x0000000010004b10      0x19c CMakeFiles/stepper_motor.dir/home/delo/Dropbox/raspberry_pi/pico/sdk/pico-sdk/src/rp2_common/pico_printf/printf.c.obj
 *fill*         0x0000000010004cac        0x4 
 .rodata.pow10.0
                0x0000000010004cb0       0x50 CMakeFiles/stepper_motor.dir/home/delo/Dropbox/raspberry_pi/pico/sdk/pico-sdk/src/rp2_common/pico_printf/printf.c.obj
 .rodata.__aeabi_double_init.str1.4
                0x0000000010004d00       0xbf CMakeFiles/stepper_motor.dir/home/delo/Dropbox/raspberry_pi/pico/sdk/pico-sdk/src/rp2_common/pico_double/double_init_rom.c.obj
 *fill*         0x0000000010004dbf        0x1 
 .rodata.__func__.0
                0x0000000010004dc0       0x14 CMakeFiles/stepper_motor.dir/home/delo/Dropbox/raspberry_pi/pico/sdk/pico-sdk/src/rp2_common/pico_double/double_init_rom.c.obj
 .rodata.__aeabi_float_init.str1.4
                0x0000000010004dd4       0x91 CMakeFiles/stepper_motor.dir/home/delo/Dropbox/raspberry_pi/pico/sdk/pico-sdk/src/rp2_common/pico_float/float_init_rom.c.obj
                                         0x95 (size before relaxing)
 *fill*         0x0000000010004e65        0x3 
 .rodata.__func__.0
                0x0000000010004e68       0x13 CMakeFiles/stepper_motor.dir/home/delo/Dropbox/raspberry_pi/pico/sdk/pico-sdk/src/rp2_common/pico_float/float_init_rom.c.obj
 *fill*         0x0000000010004e7b        0x1 
 .rodata.str1.4
                0x0000000010004e7c       0x48 CMakeFiles/stepper_motor.dir/home/delo/Dropbox/raspberry_pi/pico/sdk/pico-sdk/src/rp2_common/pico_standard_link/binary_info.c.obj
 .rodata.__bi_40
                0x0000000010004ec4        0xc CMakeFiles/stepper_motor.dir/home/delo/Dropbox/raspberry_pi/pico/sdk/pico-sdk/src/rp2_common/pico_standard_link/binary_info.c.obj
 .rodata.__bi_52
                0x0000000010004ed0        0xc CMakeFiles/stepper_motor.dir/home/delo/Dropbox/raspberry_pi/pico/sdk/pico-sdk/src/rp2_common/pico_standard_link/binary_info.c.obj
 .rodata.__bi_71
                0x0000000010004edc        0xc CMakeFiles/stepper_motor.dir/home/delo/Dropbox/raspberry_pi/pico/sdk/pico-sdk/src/rp2_common/pico_standard_link/binary_info.c.obj
 .rodata.__bi_77
                0x0000000010004ee8        0xc CMakeFiles/stepper_motor.dir/home/delo/Dropbox/raspberry_pi/pico/sdk/pico-sdk/src/rp2_common/pico_standard_link/binary_info.c.obj
 .rodata.crlf_str.1
                0x0000000010004ef4        0x2 CMakeFiles/stepper_motor.dir/home/delo/Dropbox/raspberry_pi/pico/sdk/pico-sdk/src/rp2_common/pico_stdio/stdio.c.obj
 *fill*         0x0000000010004ef6        0x2 
 .rodata._global_impure_ptr
                0x0000000010004ef8        0x4 /usr/lib/gcc/arm-none-eabi/11.2.0/../../../../arm-none-eabi/lib/thumb/v6-m/nofp/libg.a(lib_a-impure.o)
                0x0000000010004ef8                _global_impure_ptr
                0x0000000010004efc                . = ALIGN (0x4)
 *(SORT_BY_ALIGNMENT(SORT_BY_NAME(.flashdata*)))
                0x0000000010004efc                . = ALIGN (0x4)

.rel.dyn        0x0000000010004efc        0x0
 .rel.iplt      0x0000000010004efc        0x0 /usr/lib/gcc/arm-none-eabi/11.2.0/thumb/v6-m/nofp/crtbegin.o

.ARM.extab
 *(.ARM.extab* .gnu.linkonce.armextab.*)
                0x0000000010004efc                __exidx_start = .

.ARM.exidx
 *(.ARM.exidx* .gnu.linkonce.armexidx.*)
                0x0000000010004efc                __exidx_end = .
                0x0000000010004efc                . = ALIGN (0x4)
                0x0000000010004efc                __binary_info_start = .

.binary_info    0x0000000010004efc       0x20
 *(.binary_info.keep.*)
 .binary_info.keep.__bi_ptr18
                0x0000000010004efc        0x4 CMakeFiles/stepper_motor.dir/home/delo/Dropbox/raspberry_pi/pico/sdk/pico-sdk/src/rp2_common/pico_standard_link/binary_info.c.obj
 .binary_info.keep.__bi_ptr26
                0x0000000010004f00        0x4 CMakeFiles/stepper_motor.dir/home/delo/Dropbox/raspberry_pi/pico/sdk/pico-sdk/src/rp2_common/pico_standard_link/binary_info.c.obj
 .binary_info.keep.__bi_ptr34
                0x0000000010004f04        0x4 CMakeFiles/stepper_motor.dir/home/delo/Dropbox/raspberry_pi/pico/sdk/pico-sdk/src/rp2_common/pico_standard_link/binary_info.c.obj
 .binary_info.keep.__bi_ptr40
                0x0000000010004f08        0x4 CMakeFiles/stepper_motor.dir/home/delo/Dropbox/raspberry_pi/pico/sdk/pico-sdk/src/rp2_common/pico_standard_link/binary_info.c.obj
 .binary_info.keep.__bi_ptr46
                0x0000000010004f0c        0x4 CMakeFiles/stepper_motor.dir/home/delo/Dropbox/raspberry_pi/pico/sdk/pico-sdk/src/rp2_common/pico_standard_link/binary_info.c.obj
 .binary_info.keep.__bi_ptr52
                0x0000000010004f10        0x4 CMakeFiles/stepper_motor.dir/home/delo/Dropbox/raspberry_pi/pico/sdk/pico-sdk/src/rp2_common/pico_standard_link/binary_info.c.obj
 .binary_info.keep.__bi_ptr71
                0x0000000010004f14        0x4 CMakeFiles/stepper_motor.dir/home/delo/Dropbox/raspberry_pi/pico/sdk/pico-sdk/src/rp2_common/pico_standard_link/binary_info.c.obj
 .binary_info.keep.__bi_ptr77
                0x0000000010004f18        0x4 CMakeFiles/stepper_motor.dir/home/delo/Dropbox/raspberry_pi/pico/sdk/pico-sdk/src/rp2_common/pico_standard_link/binary_info.c.obj
 *(.binary_info.*)
                0x0000000010004f1c                __binary_info_end = .
                0x0000000010004f1c                . = ALIGN (0x4)
                0x0000000010004f1c                __etext = .

.ram_vector_table
                0x0000000020000000       0xc0
 *(.ram_vector_table)
 .ram_vector_table
                0x0000000020000000       0xc0 CMakeFiles/stepper_motor.dir/home/delo/Dropbox/raspberry_pi/pico/sdk/pico-sdk/src/rp2_common/pico_runtime/runtime.c.obj
                0x0000000020000000                ram_vector_table

.data           0x00000000200000c0      0x5fc load address 0x0000000010004f1c
                0x00000000200000c0                __data_start__ = .
 *(vtable)
 *(.time_critical*)
 .time_critical.mutex_enter_blocking
                0x00000000200000c0       0x64 CMakeFiles/stepper_motor.dir/home/delo/Dropbox/raspberry_pi/pico/sdk/pico-sdk/src/common/pico_sync/mutex.c.obj
                0x00000000200000c0                mutex_enter_blocking
 .time_critical.mutex_try_enter
                0x0000000020000124       0x46 CMakeFiles/stepper_motor.dir/home/delo/Dropbox/raspberry_pi/pico/sdk/pico-sdk/src/common/pico_sync/mutex.c.obj
                0x0000000020000124                mutex_try_enter
 *fill*         0x000000002000016a        0x2 
 .time_critical.mutex_exit
                0x000000002000016c       0x4c CMakeFiles/stepper_motor.dir/home/delo/Dropbox/raspberry_pi/pico/sdk/pico-sdk/src/common/pico_sync/mutex.c.obj
                0x000000002000016c                mutex_exit
 *(.text*)
 .text          0x00000000200001b8        0x4 /usr/lib/gcc/arm-none-eabi/11.2.0/thumb/v6-m/nofp/libgcc.a(_dvmd_tls.o)
                0x00000000200001b8                __aeabi_ldiv0
                0x00000000200001b8                __aeabi_idiv0
 *fill*         0x00000000200001bc        0x4 
 .text.__stub   0x00000000200001c0       0x10 linker stubs
                0x00000000200001d0                . = ALIGN (0x4)
 *(.rodata*)
                0x00000000200001d0                . = ALIGN (0x4)
 *(.data*)
 .data.striped_spin_lock_num
                0x00000000200001d0        0x1 CMakeFiles/stepper_motor.dir/home/delo/Dropbox/raspberry_pi/pico/sdk/pico-sdk/src/rp2_common/hardware_sync/sync.c.obj
 *fill*         0x00000000200001d1        0x3 
 .data.default_alarm_pool
                0x00000000200001d4       0x18 CMakeFiles/stepper_motor.dir/home/delo/Dropbox/raspberry_pi/pico/sdk/pico-sdk/src/common/pico_time/time.c.obj
 .data.default_alarm_pool_heap
                0x00000000200001ec       0x10 CMakeFiles/stepper_motor.dir/home/delo/Dropbox/raspberry_pi/pico/sdk/pico-sdk/src/common/pico_time/time.c.obj
 .data          0x00000000200001fc       0x48 CMakeFiles/stepper_motor.dir/home/delo/Dropbox/raspberry_pi/pico/sdk/pico-sdk/src/rp2_common/hardware_irq/irq_handler_chain.S.obj
                0x00000000200001fc                irq_handler_chain_slots
                0x000000002000022c                irq_handler_chain_first_slot
                0x0000000020000236                irq_handler_chain_remove_tail
 *fill*         0x0000000020000244        0xc 
 .data.aeabi_bits_funcs
                0x0000000020000250       0x10 CMakeFiles/stepper_motor.dir/home/delo/Dropbox/raspberry_pi/pico/sdk/pico-sdk/src/rp2_common/pico_bit_ops/bit_ops_aeabi.S.obj
                0x0000000020000250                aeabi_bits_funcs
                0x0000000020000260                aeabi_bits_funcs_end
 .data.aeabi_mem_funcs
                0x0000000020000260       0x10 CMakeFiles/stepper_motor.dir/home/delo/Dropbox/raspberry_pi/pico/sdk/pico-sdk/src/rp2_common/pico_mem_ops/mem_ops_aeabi.S.obj
                0x0000000020000260                aeabi_mem_funcs
                0x0000000020000270                aeabi_mem_funcs_end
 .data.impure_data
                0x0000000020000270      0x428 /usr/lib/gcc/arm-none-eabi/11.2.0/../../../../arm-none-eabi/lib/thumb/v6-m/nofp/libg.a(lib_a-impure.o)
 .data.__atexit_recursive_mutex
                0x0000000020000698        0x4 /usr/lib/gcc/arm-none-eabi/11.2.0/../../../../arm-none-eabi/lib/thumb/v6-m/nofp/libg.a(lib_a-__call_atexit.o)
                0x0000000020000698                __atexit_recursive_mutex
                0x000000002000069c                . = ALIGN (0x4)
 *(.after_data.*)
                0x000000002000069c                . = ALIGN (0x4)
                0x000000002000069c                PROVIDE (__mutex_array_start = .)
 *(SORT_BY_NAME(.mutex_array.*))
 *(.mutex_array)
 .mutex_array   0x000000002000069c        0x8 CMakeFiles/stepper_motor.dir/home/delo/Dropbox/raspberry_pi/pico/sdk/pico-sdk/src/rp2_common/pico_stdio/stdio.c.obj
                0x00000000200006a4                PROVIDE (__mutex_array_end = .)
                0x00000000200006a4                . = ALIGN (0x4)
                0x00000000200006a4                PROVIDE (__preinit_array_start = .)
 *(SORT_BY_NAME(.preinit_array.*))
 .preinit_array.00001
                0x00000000200006a4        0x4 CMakeFiles/stepper_motor.dir/home/delo/Dropbox/raspberry_pi/pico/sdk/pico-sdk/src/rp2_common/pico_mem_ops/mem_ops_aeabi.S.obj
 .preinit_array.00010
                0x00000000200006a8        0x4 CMakeFiles/stepper_motor.dir/home/delo/Dropbox/raspberry_pi/pico/sdk/pico-sdk/src/rp2_common/pico_bit_ops/bit_ops_aeabi.S.obj
 .preinit_array.00020
                0x00000000200006ac        0x4 CMakeFiles/stepper_motor.dir/home/delo/Dropbox/raspberry_pi/pico/sdk/pico-sdk/src/rp2_common/pico_double/double_aeabi.S.obj
 .preinit_array.00020
                0x00000000200006b0        0x4 CMakeFiles/stepper_motor.dir/home/delo/Dropbox/raspberry_pi/pico/sdk/pico-sdk/src/rp2_common/pico_float/float_aeabi.S.obj
 *(.preinit_array)
                0x00000000200006b4                PROVIDE (__preinit_array_end = .)
                0x00000000200006b4                . = ALIGN (0x4)
                0x00000000200006b4                PROVIDE (__init_array_start = .)
 *(SORT_BY_NAME(.init_array.*))
 .init_array.00000
                0x00000000200006b4        0x4 /usr/lib/gcc/arm-none-eabi/11.2.0/../../../../arm-none-eabi/lib/thumb/v6-m/nofp/libg.a(lib_a-__call_atexit.o)
 *(.init_array)
 .init_array    0x00000000200006b8        0x4 /usr/lib/gcc/arm-none-eabi/11.2.0/thumb/v6-m/nofp/crtbegin.o
                0x00000000200006bc                PROVIDE (__init_array_end = .)
                0x00000000200006bc                . = ALIGN (0x4)
                0x00000000200006bc                PROVIDE (__fini_array_start = .)
 *(SORT_BY_NAME(.fini_array.*))
 *(.fini_array)
                0x00000000200006bc                PROVIDE (__fini_array_end = .)
 *(.jcr)
                0x00000000200006bc                . = ALIGN (0x4)
                0x00000000200006bc                __data_end__ = .

.igot.plt       0x00000000200006bc        0x0 load address 0x0000000010005518
 .igot.plt      0x00000000200006bc        0x0 /usr/lib/gcc/arm-none-eabi/11.2.0/thumb/v6-m/nofp/crtbegin.o

.uninitialized_data
                0x00000000200006bc        0x0 load address 0x0000000010005518
                0x00000000200006bc                . = ALIGN (0x4)
 *(.uninitialized_data*)

.scratch_x      0x0000000020040000        0x0 load address 0x0000000010005518
                0x0000000020040000                __scratch_x_start__ = .
 *(.scratch_x.*)
                0x0000000020040000                . = ALIGN (0x4)
                0x0000000020040000                __scratch_x_end__ = .
                0x0000000010005518                __scratch_x_source__ = LOADADDR (.scratch_x)

.scratch_y      0x0000000020041000        0x0 load address 0x0000000010005518
                0x0000000020041000                __scratch_y_start__ = .
 *(.scratch_y.*)
                0x0000000020041000                . = ALIGN (0x4)
                0x0000000020041000                __scratch_y_end__ = .
                0x0000000010005518                __scratch_y_source__ = LOADADDR (.scratch_y)

.bss            0x00000000200006c0      0x3c4
                0x00000000200006c0                . = ALIGN (0x4)
                0x00000000200006c0                __bss_start__ = .
 *(SORT_BY_ALIGNMENT(SORT_BY_NAME(.bss*)))
 .bss.default_alarm_pool_entries
                0x00000000200006c0      0x100 CMakeFiles/stepper_motor.dir/home/delo/Dropbox/raspberry_pi/pico/sdk/pico-sdk/src/common/pico_time/time.c.obj
 .bss.__lock___atexit_recursive_mutex
                0x00000000200007c0        0x1 /usr/lib/gcc/arm-none-eabi/11.2.0/../../../../arm-none-eabi/lib/thumb/v6-m/nofp/libg.a(lib_a-lock.o)
                0x00000000200007c0                __lock___atexit_recursive_mutex
 *fill*         0x00000000200007c1        0x3 
 .bss.alarm_callbacks
                0x00000000200007c4       0x10 CMakeFiles/stepper_motor.dir/home/delo/Dropbox/raspberry_pi/pico/sdk/pico-sdk/src/rp2_common/hardware_timer/timer.c.obj
 .bss.configured_freq
                0x00000000200007d4       0x28 CMakeFiles/stepper_motor.dir/home/delo/Dropbox/raspberry_pi/pico/sdk/pico-sdk/src/rp2_common/hardware_clocks/clocks.c.obj
 .bss.default_alarm_pool_entry_ids_high
                0x00000000200007fc       0x10 CMakeFiles/stepper_motor.dir/home/delo/Dropbox/raspberry_pi/pico/sdk/pico-sdk/src/common/pico_time/time.c.obj
 .bss.default_alarm_pool_heap_nodes
                0x000000002000080c       0x30 CMakeFiles/stepper_motor.dir/home/delo/Dropbox/raspberry_pi/pico/sdk/pico-sdk/src/common/pico_time/time.c.obj
 .bss.drivers   0x000000002000083c        0x4 CMakeFiles/stepper_motor.dir/home/delo/Dropbox/raspberry_pi/pico/sdk/pico-sdk/src/rp2_common/pico_stdio/stdio.c.obj
 .bss.filter    0x0000000020000840        0x4 CMakeFiles/stepper_motor.dir/home/delo/Dropbox/raspberry_pi/pico/sdk/pico-sdk/src/rp2_common/pico_stdio/stdio.c.obj
 .bss.object.0  0x0000000020000844       0x18 /usr/lib/gcc/arm-none-eabi/11.2.0/thumb/v6-m/nofp/crtbegin.o
 .bss.pools     0x000000002000085c       0x10 CMakeFiles/stepper_motor.dir/home/delo/Dropbox/raspberry_pi/pico/sdk/pico-sdk/src/common/pico_time/time.c.obj
 .bss.sd_table  0x000000002000086c      0x100 CMakeFiles/stepper_motor.dir/home/delo/Dropbox/raspberry_pi/pico/sdk/pico-sdk/src/rp2_common/pico_double/double_init_rom.c.obj
                0x000000002000086c                sd_table
 .bss.sf_clz_func
                0x000000002000096c        0x4 CMakeFiles/stepper_motor.dir/home/delo/Dropbox/raspberry_pi/pico/sdk/pico-sdk/src/rp2_common/pico_float/float_init_rom.c.obj
                0x000000002000096c                sf_clz_func
 .bss.sf_table  0x0000000020000970      0x100 CMakeFiles/stepper_motor.dir/home/delo/Dropbox/raspberry_pi/pico/sdk/pico-sdk/src/rp2_common/pico_float/float_init_rom.c.obj
                0x0000000020000970                sf_table
 .bss.target_hi
                0x0000000020000a70       0x10 CMakeFiles/stepper_motor.dir/home/delo/Dropbox/raspberry_pi/pico/sdk/pico-sdk/src/rp2_common/hardware_timer/timer.c.obj
 .bss.claimed   0x0000000020000a80        0x1 CMakeFiles/stepper_motor.dir/home/delo/Dropbox/raspberry_pi/pico/sdk/pico-sdk/src/rp2_common/hardware_timer/timer.c.obj
 .bss.irq_hander_chain_free_slot_head
                0x0000000020000a81        0x1 CMakeFiles/stepper_motor.dir/home/delo/Dropbox/raspberry_pi/pico/sdk/pico-sdk/src/rp2_common/hardware_irq/irq.c.obj
 .bss.timer_callbacks_pending
                0x0000000020000a82        0x1 CMakeFiles/stepper_motor.dir/home/delo/Dropbox/raspberry_pi/pico/sdk/pico-sdk/src/rp2_common/hardware_timer/timer.c.obj
 *(COMMON)
                0x0000000020000a84                . = ALIGN (0x4)
 *fill*         0x0000000020000a83        0x1 
                0x0000000020000a84                __bss_end__ = .

.heap           0x0000000020000a84      0x800
                0x0000000020000a84                __end__ = .
                0x0000000020000a84                end = __end__
 *(.heap*)
 .heap          0x0000000020000a84      0x800 CMakeFiles/stepper_motor.dir/home/delo/Dropbox/raspberry_pi/pico/sdk/pico-sdk/src/rp2_common/pico_standard_link/crt0.S.obj
                0x0000000020001284                __HeapLimit = .

.stack1_dummy   0x0000000020040000        0x0
 *(.stack1*)

.stack_dummy    0x0000000020041000      0x800
 *(.stack*)
 .stack         0x0000000020041000      0x800 CMakeFiles/stepper_motor.dir/home/delo/Dropbox/raspberry_pi/pico/sdk/pico-sdk/src/rp2_common/pico_standard_link/crt0.S.obj

.flash_end      0x0000000010005518        0x0
                0x0000000010005518                __flash_binary_end = .
                0x0000000020040000                __StackLimit = (ORIGIN (RAM) + LENGTH (RAM))
                0x0000000020041000                __StackOneTop = (ORIGIN (SCRATCH_X) + LENGTH (SCRATCH_X))
                0x0000000020042000                __StackTop = (ORIGIN (SCRATCH_Y) + LENGTH (SCRATCH_Y))
                0x0000000020041000                __StackOneBottom = (__StackOneTop - SIZEOF (.stack1_dummy))
                0x0000000020041800                __StackBottom = (__StackTop - SIZEOF (.stack_dummy))
                0x0000000020042000                PROVIDE (__stack = __StackTop)
                0x0000000000000001                ASSERT ((__StackLimit >= __HeapLimit), region RAM overflowed)
                0x0000000000000001                ASSERT (((__binary_info_header_end - __logical_binary_start) <= 0x100), Binary info must be in first 256 bytes of the binary)
LOAD CMakeFiles/stepper_motor.dir/main.c.obj
LOAD CMakeFiles/stepper_motor.dir/home/delo/Dropbox/raspberry_pi/pico/sdk/pico-sdk/src/rp2_common/pico_stdlib/stdlib.c.obj
LOAD CMakeFiles/stepper_motor.dir/home/delo/Dropbox/raspberry_pi/pico/sdk/pico-sdk/src/rp2_common/hardware_gpio/gpio.c.obj
LOAD CMakeFiles/stepper_motor.dir/home/delo/Dropbox/raspberry_pi/pico/sdk/pico-sdk/src/rp2_common/hardware_claim/claim.c.obj
LOAD CMakeFiles/stepper_motor.dir/home/delo/Dropbox/raspberry_pi/pico/sdk/pico-sdk/src/rp2_common/hardware_sync/sync.c.obj
LOAD CMakeFiles/stepper_motor.dir/home/delo/Dropbox/raspberry_pi/pico/sdk/pico-sdk/src/rp2_common/pico_platform/platform.c.obj
LOAD CMakeFiles/stepper_motor.dir/home/delo/Dropbox/raspberry_pi/pico/sdk/pico-sdk/src/rp2_common/hardware_uart/uart.c.obj
LOAD CMakeFiles/stepper_motor.dir/home/delo/Dropbox/raspberry_pi/pico/sdk/pico-sdk/src/rp2_common/hardware_divider/divider.S.obj
LOAD CMakeFiles/stepper_motor.dir/home/delo/Dropbox/raspberry_pi/pico/sdk/pico-sdk/src/common/pico_time/time.c.obj
LOAD CMakeFiles/stepper_motor.dir/home/delo/Dropbox/raspberry_pi/pico/sdk/pico-sdk/src/common/pico_time/timeout_helper.c.obj
LOAD CMakeFiles/stepper_motor.dir/home/delo/Dropbox/raspberry_pi/pico/sdk/pico-sdk/src/rp2_common/hardware_timer/timer.c.obj
LOAD CMakeFiles/stepper_motor.dir/home/delo/Dropbox/raspberry_pi/pico/sdk/pico-sdk/src/common/pico_sync/sem.c.obj
LOAD CMakeFiles/stepper_motor.dir/home/delo/Dropbox/raspberry_pi/pico/sdk/pico-sdk/src/common/pico_sync/lock_core.c.obj
LOAD CMakeFiles/stepper_motor.dir/home/delo/Dropbox/raspberry_pi/pico/sdk/pico-sdk/src/common/pico_sync/mutex.c.obj
LOAD CMakeFiles/stepper_motor.dir/home/delo/Dropbox/raspberry_pi/pico/sdk/pico-sdk/src/common/pico_sync/critical_section.c.obj
LOAD CMakeFiles/stepper_motor.dir/home/delo/Dropbox/raspberry_pi/pico/sdk/pico-sdk/src/common/pico_util/datetime.c.obj
LOAD CMakeFiles/stepper_motor.dir/home/delo/Dropbox/raspberry_pi/pico/sdk/pico-sdk/src/common/pico_util/pheap.c.obj
LOAD CMakeFiles/stepper_motor.dir/home/delo/Dropbox/raspberry_pi/pico/sdk/pico-sdk/src/common/pico_util/queue.c.obj
LOAD CMakeFiles/stepper_motor.dir/home/delo/Dropbox/raspberry_pi/pico/sdk/pico-sdk/src/rp2_common/pico_runtime/runtime.c.obj
LOAD CMakeFiles/stepper_motor.dir/home/delo/Dropbox/raspberry_pi/pico/sdk/pico-sdk/src/rp2_common/hardware_clocks/clocks.c.obj
LOAD CMakeFiles/stepper_motor.dir/home/delo/Dropbox/raspberry_pi/pico/sdk/pico-sdk/src/rp2_common/hardware_watchdog/watchdog.c.obj
LOAD CMakeFiles/stepper_motor.dir/home/delo/Dropbox/raspberry_pi/pico/sdk/pico-sdk/src/rp2_common/hardware_xosc/xosc.c.obj
LOAD CMakeFiles/stepper_motor.dir/home/delo/Dropbox/raspberry_pi/pico/sdk/pico-sdk/src/rp2_common/hardware_pll/pll.c.obj
LOAD CMakeFiles/stepper_motor.dir/home/delo/Dropbox/raspberry_pi/pico/sdk/pico-sdk/src/rp2_common/hardware_vreg/vreg.c.obj
LOAD CMakeFiles/stepper_motor.dir/home/delo/Dropbox/raspberry_pi/pico/sdk/pico-sdk/src/rp2_common/hardware_irq/irq.c.obj
LOAD CMakeFiles/stepper_motor.dir/home/delo/Dropbox/raspberry_pi/pico/sdk/pico-sdk/src/rp2_common/hardware_irq/irq_handler_chain.S.obj
LOAD CMakeFiles/stepper_motor.dir/home/delo/Dropbox/raspberry_pi/pico/sdk/pico-sdk/src/rp2_common/pico_printf/printf.c.obj
LOAD CMakeFiles/stepper_motor.dir/home/delo/Dropbox/raspberry_pi/pico/sdk/pico-sdk/src/rp2_common/pico_bit_ops/bit_ops_aeabi.S.obj
LOAD CMakeFiles/stepper_motor.dir/home/delo/Dropbox/raspberry_pi/pico/sdk/pico-sdk/src/rp2_common/pico_bootrom/bootrom.c.obj
LOAD CMakeFiles/stepper_motor.dir/home/delo/Dropbox/raspberry_pi/pico/sdk/pico-sdk/src/rp2_common/pico_divider/divider.S.obj
LOAD CMakeFiles/stepper_motor.dir/home/delo/Dropbox/raspberry_pi/pico/sdk/pico-sdk/src/rp2_common/pico_double/double_aeabi.S.obj
LOAD CMakeFiles/stepper_motor.dir/home/delo/Dropbox/raspberry_pi/pico/sdk/pico-sdk/src/rp2_common/pico_double/double_init_rom.c.obj
LOAD CMakeFiles/stepper_motor.dir/home/delo/Dropbox/raspberry_pi/pico/sdk/pico-sdk/src/rp2_common/pico_double/double_math.c.obj
LOAD CMakeFiles/stepper_motor.dir/home/delo/Dropbox/raspberry_pi/pico/sdk/pico-sdk/src/rp2_common/pico_double/double_v1_rom_shim.S.obj
LOAD CMakeFiles/stepper_motor.dir/home/delo/Dropbox/raspberry_pi/pico/sdk/pico-sdk/src/rp2_common/pico_int64_ops/pico_int64_ops_aeabi.S.obj
LOAD CMakeFiles/stepper_motor.dir/home/delo/Dropbox/raspberry_pi/pico/sdk/pico-sdk/src/rp2_common/pico_float/float_aeabi.S.obj
LOAD CMakeFiles/stepper_motor.dir/home/delo/Dropbox/raspberry_pi/pico/sdk/pico-sdk/src/rp2_common/pico_float/float_init_rom.c.obj
LOAD CMakeFiles/stepper_motor.dir/home/delo/Dropbox/raspberry_pi/pico/sdk/pico-sdk/src/rp2_common/pico_float/float_math.c.obj
LOAD CMakeFiles/stepper_motor.dir/home/delo/Dropbox/raspberry_pi/pico/sdk/pico-sdk/src/rp2_common/pico_float/float_v1_rom_shim.S.obj
LOAD CMakeFiles/stepper_motor.dir/home/delo/Dropbox/raspberry_pi/pico/sdk/pico-sdk/src/rp2_common/pico_malloc/pico_malloc.c.obj
LOAD CMakeFiles/stepper_motor.dir/home/delo/Dropbox/raspberry_pi/pico/sdk/pico-sdk/src/rp2_common/pico_mem_ops/mem_ops_aeabi.S.obj
LOAD CMakeFiles/stepper_motor.dir/home/delo/Dropbox/raspberry_pi/pico/sdk/pico-sdk/src/rp2_common/pico_standard_link/crt0.S.obj
LOAD CMakeFiles/stepper_motor.dir/home/delo/Dropbox/raspberry_pi/pico/sdk/pico-sdk/src/rp2_common/pico_standard_link/new_delete.cpp.obj
LOAD CMakeFiles/stepper_motor.dir/home/delo/Dropbox/raspberry_pi/pico/sdk/pico-sdk/src/rp2_common/pico_standard_link/binary_info.c.obj
LOAD CMakeFiles/stepper_motor.dir/home/delo/Dropbox/raspberry_pi/pico/sdk/pico-sdk/src/rp2_common/pico_stdio/stdio.c.obj
LOAD CMakeFiles/stepper_motor.dir/home/delo/Dropbox/raspberry_pi/pico/sdk/pico-sdk/src/rp2_common/pico_stdio_uart/stdio_uart.c.obj
LOAD CMakeFiles/stepper_motor.dir/home/delo/Dropbox/raspberry_pi/pico/sdk/pico-sdk/src/rp2_common/hardware_spi/spi.c.obj
LOAD CMakeFiles/stepper_motor.dir/home/delo/Dropbox/raspberry_pi/pico/sdk/pico-sdk/src/rp2_common/hardware_i2c/i2c.c.obj
LOAD /tmp/ccO7eNz4.o
LOAD /usr/lib/gcc/arm-none-eabi/11.2.0/../../../../arm-none-eabi/lib/thumb/v6-m/nofp/libstdc++.a
LOAD /usr/lib/gcc/arm-none-eabi/11.2.0/../../../../arm-none-eabi/lib/thumb/v6-m/nofp/libm.a
START GROUP
LOAD /usr/lib/gcc/arm-none-eabi/11.2.0/thumb/v6-m/nofp/libgcc.a
LOAD /usr/lib/gcc/arm-none-eabi/11.2.0/../../../../arm-none-eabi/lib/thumb/v6-m/nofp/libg.a
LOAD /usr/lib/gcc/arm-none-eabi/11.2.0/../../../../arm-none-eabi/lib/thumb/v6-m/nofp/libc.a
END GROUP
START GROUP
LOAD /usr/lib/gcc/arm-none-eabi/11.2.0/thumb/v6-m/nofp/libgcc.a
LOAD /usr/lib/gcc/arm-none-eabi/11.2.0/../../../../arm-none-eabi/lib/thumb/v6-m/nofp/libc.a
LOAD /usr/lib/gcc/arm-none-eabi/11.2.0/../../../../arm-none-eabi/lib/thumb/v6-m/nofp/libnosys.a
END GROUP
LOAD /usr/lib/gcc/arm-none-eabi/11.2.0/thumb/v6-m/nofp/crtend.o
LOAD /usr/lib/gcc/arm-none-eabi/11.2.0/thumb/v6-m/nofp/crtn.o
OUTPUT(stepper_motor.elf elf32-littlearm)
LOAD linker stubs

.ARM.attributes
                0x0000000000000000       0x28
 .ARM.attributes
                0x0000000000000000       0x1e /usr/lib/gcc/arm-none-eabi/11.2.0/thumb/v6-m/nofp/crti.o
 .ARM.attributes
                0x000000000000001e       0x2c /usr/lib/gcc/arm-none-eabi/11.2.0/thumb/v6-m/nofp/crtbegin.o
 .ARM.attributes
                0x000000000000004a       0x2b CMakeFiles/stepper_motor.dir/main.c.obj
 .ARM.attributes
                0x0000000000000075       0x2b CMakeFiles/stepper_motor.dir/home/delo/Dropbox/raspberry_pi/pico/sdk/pico-sdk/src/rp2_common/hardware_gpio/gpio.c.obj
 .ARM.attributes
                0x00000000000000a0       0x2b CMakeFiles/stepper_motor.dir/home/delo/Dropbox/raspberry_pi/pico/sdk/pico-sdk/src/rp2_common/hardware_claim/claim.c.obj
 .ARM.attributes
                0x00000000000000cb       0x2b CMakeFiles/stepper_motor.dir/home/delo/Dropbox/raspberry_pi/pico/sdk/pico-sdk/src/rp2_common/hardware_sync/sync.c.obj
 .ARM.attributes
                0x00000000000000f6       0x2b CMakeFiles/stepper_motor.dir/home/delo/Dropbox/raspberry_pi/pico/sdk/pico-sdk/src/rp2_common/pico_platform/platform.c.obj
 .ARM.attributes
                0x0000000000000121       0x2b CMakeFiles/stepper_motor.dir/home/delo/Dropbox/raspberry_pi/pico/sdk/pico-sdk/src/common/pico_time/time.c.obj
 .ARM.attributes
                0x000000000000014c       0x2b CMakeFiles/stepper_motor.dir/home/delo/Dropbox/raspberry_pi/pico/sdk/pico-sdk/src/rp2_common/hardware_timer/timer.c.obj
 .ARM.attributes
                0x0000000000000177       0x2b CMakeFiles/stepper_motor.dir/home/delo/Dropbox/raspberry_pi/pico/sdk/pico-sdk/src/common/pico_sync/lock_core.c.obj
 .ARM.attributes
                0x00000000000001a2       0x2b CMakeFiles/stepper_motor.dir/home/delo/Dropbox/raspberry_pi/pico/sdk/pico-sdk/src/common/pico_sync/mutex.c.obj
 .ARM.attributes
                0x00000000000001cd       0x2b CMakeFiles/stepper_motor.dir/home/delo/Dropbox/raspberry_pi/pico/sdk/pico-sdk/src/common/pico_util/pheap.c.obj
 .ARM.attributes
                0x00000000000001f8       0x2b CMakeFiles/stepper_motor.dir/home/delo/Dropbox/raspberry_pi/pico/sdk/pico-sdk/src/rp2_common/pico_runtime/runtime.c.obj
 .ARM.attributes
                0x0000000000000223       0x2b CMakeFiles/stepper_motor.dir/home/delo/Dropbox/raspberry_pi/pico/sdk/pico-sdk/src/rp2_common/hardware_clocks/clocks.c.obj
 .ARM.attributes
                0x000000000000024e       0x2b CMakeFiles/stepper_motor.dir/home/delo/Dropbox/raspberry_pi/pico/sdk/pico-sdk/src/rp2_common/hardware_watchdog/watchdog.c.obj
 .ARM.attributes
                0x0000000000000279       0x2b CMakeFiles/stepper_motor.dir/home/delo/Dropbox/raspberry_pi/pico/sdk/pico-sdk/src/rp2_common/hardware_xosc/xosc.c.obj
 .ARM.attributes
                0x00000000000002a4       0x2b CMakeFiles/stepper_motor.dir/home/delo/Dropbox/raspberry_pi/pico/sdk/pico-sdk/src/rp2_common/hardware_pll/pll.c.obj
 .ARM.attributes
                0x00000000000002cf       0x2b CMakeFiles/stepper_motor.dir/home/delo/Dropbox/raspberry_pi/pico/sdk/pico-sdk/src/rp2_common/hardware_irq/irq.c.obj
 .ARM.attributes
                0x00000000000002fa       0x22 CMakeFiles/stepper_motor.dir/home/delo/Dropbox/raspberry_pi/pico/sdk/pico-sdk/src/rp2_common/hardware_irq/irq_handler_chain.S.obj
 .ARM.attributes
                0x000000000000031c       0x2b CMakeFiles/stepper_motor.dir/home/delo/Dropbox/raspberry_pi/pico/sdk/pico-sdk/src/rp2_common/pico_printf/printf.c.obj
 .ARM.attributes
                0x0000000000000347       0x22 CMakeFiles/stepper_motor.dir/home/delo/Dropbox/raspberry_pi/pico/sdk/pico-sdk/src/rp2_common/pico_bit_ops/bit_ops_aeabi.S.obj
 .ARM.attributes
                0x0000000000000369       0x2b CMakeFiles/stepper_motor.dir/home/delo/Dropbox/raspberry_pi/pico/sdk/pico-sdk/src/rp2_common/pico_bootrom/bootrom.c.obj
 .ARM.attributes
                0x0000000000000394       0x22 CMakeFiles/stepper_motor.dir/home/delo/Dropbox/raspberry_pi/pico/sdk/pico-sdk/src/rp2_common/pico_divider/divider.S.obj
 .ARM.attributes
                0x00000000000003b6       0x22 CMakeFiles/stepper_motor.dir/home/delo/Dropbox/raspberry_pi/pico/sdk/pico-sdk/src/rp2_common/pico_double/double_aeabi.S.obj
 .ARM.attributes
                0x00000000000003d8       0x2b CMakeFiles/stepper_motor.dir/home/delo/Dropbox/raspberry_pi/pico/sdk/pico-sdk/src/rp2_common/pico_double/double_init_rom.c.obj
 .ARM.attributes
                0x0000000000000403       0x22 CMakeFiles/stepper_motor.dir/home/delo/Dropbox/raspberry_pi/pico/sdk/pico-sdk/src/rp2_common/pico_double/double_v1_rom_shim.S.obj
 .ARM.attributes
                0x0000000000000425       0x22 CMakeFiles/stepper_motor.dir/home/delo/Dropbox/raspberry_pi/pico/sdk/pico-sdk/src/rp2_common/pico_int64_ops/pico_int64_ops_aeabi.S.obj
 .ARM.attributes
                0x0000000000000447       0x22 CMakeFiles/stepper_motor.dir/home/delo/Dropbox/raspberry_pi/pico/sdk/pico-sdk/src/rp2_common/pico_float/float_aeabi.S.obj
 .ARM.attributes
                0x0000000000000469       0x2b CMakeFiles/stepper_motor.dir/home/delo/Dropbox/raspberry_pi/pico/sdk/pico-sdk/src/rp2_common/pico_float/float_init_rom.c.obj
 .ARM.attributes
                0x0000000000000494       0x22 CMakeFiles/stepper_motor.dir/home/delo/Dropbox/raspberry_pi/pico/sdk/pico-sdk/src/rp2_common/pico_float/float_v1_rom_shim.S.obj
 .ARM.attributes
                0x00000000000004b6       0x22 CMakeFiles/stepper_motor.dir/home/delo/Dropbox/raspberry_pi/pico/sdk/pico-sdk/src/rp2_common/pico_mem_ops/mem_ops_aeabi.S.obj
 .ARM.attributes
                0x00000000000004d8       0x22 CMakeFiles/stepper_motor.dir/home/delo/Dropbox/raspberry_pi/pico/sdk/pico-sdk/src/rp2_common/pico_standard_link/crt0.S.obj
 .ARM.attributes
                0x00000000000004fa       0x32 CMakeFiles/stepper_motor.dir/home/delo/Dropbox/raspberry_pi/pico/sdk/pico-sdk/src/rp2_common/pico_standard_link/binary_info.c.obj
 .ARM.attributes
                0x000000000000052c       0x2b CMakeFiles/stepper_motor.dir/home/delo/Dropbox/raspberry_pi/pico/sdk/pico-sdk/src/rp2_common/pico_stdio/stdio.c.obj
 .ARM.attributes
                0x0000000000000557       0x22 /tmp/ccO7eNz4.o
 .ARM.attributes
                0x0000000000000579       0x1e /usr/lib/gcc/arm-none-eabi/11.2.0/thumb/v6-m/nofp/libgcc.a(_dvmd_tls.o)
 .ARM.attributes
                0x0000000000000597       0x2c /usr/lib/gcc/arm-none-eabi/11.2.0/../../../../arm-none-eabi/lib/thumb/v6-m/nofp/libg.a(lib_a-atexit.o)
 .ARM.attributes
                0x00000000000005c3       0x2c /usr/lib/gcc/arm-none-eabi/11.2.0/../../../../arm-none-eabi/lib/thumb/v6-m/nofp/libg.a(lib_a-fini.o)
 .ARM.attributes
                0x00000000000005ef       0x2c /usr/lib/gcc/arm-none-eabi/11.2.0/../../../../arm-none-eabi/lib/thumb/v6-m/nofp/libg.a(lib_a-impure.o)
 .ARM.attributes
                0x000000000000061b       0x2c /usr/lib/gcc/arm-none-eabi/11.2.0/../../../../arm-none-eabi/lib/thumb/v6-m/nofp/libg.a(lib_a-strlen-stub.o)
 .ARM.attributes
                0x0000000000000647       0x2c /usr/lib/gcc/arm-none-eabi/11.2.0/../../../../arm-none-eabi/lib/thumb/v6-m/nofp/libg.a(lib_a-__atexit.o)
 .ARM.attributes
                0x0000000000000673       0x2c /usr/lib/gcc/arm-none-eabi/11.2.0/../../../../arm-none-eabi/lib/thumb/v6-m/nofp/libg.a(lib_a-__call_atexit.o)
 .ARM.attributes
                0x000000000000069f       0x2c /usr/lib/gcc/arm-none-eabi/11.2.0/../../../../arm-none-eabi/lib/thumb/v6-m/nofp/libg.a(lib_a-lock.o)

.comment        0x0000000000000000       0x1e
 .comment       0x0000000000000000       0x1e CMakeFiles/stepper_motor.dir/main.c.obj
                                         0x1f (size before relaxing)
 .comment       0x000000000000001e       0x1f CMakeFiles/stepper_motor.dir/home/delo/Dropbox/raspberry_pi/pico/sdk/pico-sdk/src/rp2_common/hardware_gpio/gpio.c.obj
 .comment       0x000000000000001e       0x1f CMakeFiles/stepper_motor.dir/home/delo/Dropbox/raspberry_pi/pico/sdk/pico-sdk/src/rp2_common/hardware_claim/claim.c.obj
 .comment       0x000000000000001e       0x1f CMakeFiles/stepper_motor.dir/home/delo/Dropbox/raspberry_pi/pico/sdk/pico-sdk/src/rp2_common/hardware_sync/sync.c.obj
 .comment       0x000000000000001e       0x1f CMakeFiles/stepper_motor.dir/home/delo/Dropbox/raspberry_pi/pico/sdk/pico-sdk/src/rp2_common/pico_platform/platform.c.obj
 .comment       0x000000000000001e       0x1f CMakeFiles/stepper_motor.dir/home/delo/Dropbox/raspberry_pi/pico/sdk/pico-sdk/src/common/pico_time/time.c.obj
 .comment       0x000000000000001e       0x1f CMakeFiles/stepper_motor.dir/home/delo/Dropbox/raspberry_pi/pico/sdk/pico-sdk/src/rp2_common/hardware_timer/timer.c.obj
 .comment       0x000000000000001e       0x1f CMakeFiles/stepper_motor.dir/home/delo/Dropbox/raspberry_pi/pico/sdk/pico-sdk/src/common/pico_sync/lock_core.c.obj
 .comment       0x000000000000001e       0x1f CMakeFiles/stepper_motor.dir/home/delo/Dropbox/raspberry_pi/pico/sdk/pico-sdk/src/common/pico_sync/mutex.c.obj
 .comment       0x000000000000001e       0x1f CMakeFiles/stepper_motor.dir/home/delo/Dropbox/raspberry_pi/pico/sdk/pico-sdk/src/common/pico_util/pheap.c.obj
 .comment       0x000000000000001e       0x1f CMakeFiles/stepper_motor.dir/home/delo/Dropbox/raspberry_pi/pico/sdk/pico-sdk/src/rp2_common/pico_runtime/runtime.c.obj
 .comment       0x000000000000001e       0x1f CMakeFiles/stepper_motor.dir/home/delo/Dropbox/raspberry_pi/pico/sdk/pico-sdk/src/rp2_common/hardware_clocks/clocks.c.obj
 .comment       0x000000000000001e       0x1f CMakeFiles/stepper_motor.dir/home/delo/Dropbox/raspberry_pi/pico/sdk/pico-sdk/src/rp2_common/hardware_watchdog/watchdog.c.obj
 .comment       0x000000000000001e       0x1f CMakeFiles/stepper_motor.dir/home/delo/Dropbox/raspberry_pi/pico/sdk/pico-sdk/src/rp2_common/hardware_xosc/xosc.c.obj
 .comment       0x000000000000001e       0x1f CMakeFiles/stepper_motor.dir/home/delo/Dropbox/raspberry_pi/pico/sdk/pico-sdk/src/rp2_common/hardware_pll/pll.c.obj
 .comment       0x000000000000001e       0x1f CMakeFiles/stepper_motor.dir/home/delo/Dropbox/raspberry_pi/pico/sdk/pico-sdk/src/rp2_common/hardware_irq/irq.c.obj
 .comment       0x000000000000001e       0x1f CMakeFiles/stepper_motor.dir/home/delo/Dropbox/raspberry_pi/pico/sdk/pico-sdk/src/rp2_common/pico_printf/printf.c.obj
 .comment       0x000000000000001e       0x1f CMakeFiles/stepper_motor.dir/home/delo/Dropbox/raspberry_pi/pico/sdk/pico-sdk/src/rp2_common/pico_bootrom/bootrom.c.obj
 .comment       0x000000000000001e       0x1f CMakeFiles/stepper_motor.dir/home/delo/Dropbox/raspberry_pi/pico/sdk/pico-sdk/src/rp2_common/pico_double/double_init_rom.c.obj
 .comment       0x000000000000001e       0x1f CMakeFiles/stepper_motor.dir/home/delo/Dropbox/raspberry_pi/pico/sdk/pico-sdk/src/rp2_common/pico_float/float_init_rom.c.obj
 .comment       0x000000000000001e       0x1f CMakeFiles/stepper_motor.dir/home/delo/Dropbox/raspberry_pi/pico/sdk/pico-sdk/src/rp2_common/pico_standard_link/binary_info.c.obj
 .comment       0x000000000000001e       0x1f CMakeFiles/stepper_motor.dir/home/delo/Dropbox/raspberry_pi/pico/sdk/pico-sdk/src/rp2_common/pico_stdio/stdio.c.obj

.debug_info     0x0000000000000000     0xfab2
 .debug_info    0x0000000000000000      0x81c CMakeFiles/stepper_motor.dir/main.c.obj
 .debug_info    0x000000000000081c     0x10e7 CMakeFiles/stepper_motor.dir/home/delo/Dropbox/raspberry_pi/pico/sdk/pico-sdk/src/rp2_common/hardware_gpio/gpio.c.obj
 .debug_info    0x0000000000001903      0x5f9 CMakeFiles/stepper_motor.dir/home/delo/Dropbox/raspberry_pi/pico/sdk/pico-sdk/src/rp2_common/hardware_claim/claim.c.obj
 .debug_info    0x0000000000001efc      0x4e8 CMakeFiles/stepper_motor.dir/home/delo/Dropbox/raspberry_pi/pico/sdk/pico-sdk/src/rp2_common/hardware_sync/sync.c.obj
 .debug_info    0x00000000000023e4      0x1fb CMakeFiles/stepper_motor.dir/home/delo/Dropbox/raspberry_pi/pico/sdk/pico-sdk/src/rp2_common/pico_platform/platform.c.obj
 .debug_info    0x00000000000025df     0x3250 CMakeFiles/stepper_motor.dir/home/delo/Dropbox/raspberry_pi/pico/sdk/pico-sdk/src/common/pico_time/time.c.obj
 .debug_info    0x000000000000582f      0xf25 CMakeFiles/stepper_motor.dir/home/delo/Dropbox/raspberry_pi/pico/sdk/pico-sdk/src/rp2_common/hardware_timer/timer.c.obj
 .debug_info    0x0000000000006754      0x17a CMakeFiles/stepper_motor.dir/home/delo/Dropbox/raspberry_pi/pico/sdk/pico-sdk/src/common/pico_sync/lock_core.c.obj
 .debug_info    0x00000000000068ce      0xcc7 CMakeFiles/stepper_motor.dir/home/delo/Dropbox/raspberry_pi/pico/sdk/pico-sdk/src/common/pico_sync/mutex.c.obj
 .debug_info    0x0000000000007595     0x1223 CMakeFiles/stepper_motor.dir/home/delo/Dropbox/raspberry_pi/pico/sdk/pico-sdk/src/common/pico_util/pheap.c.obj
 .debug_info    0x00000000000087b8      0x940 CMakeFiles/stepper_motor.dir/home/delo/Dropbox/raspberry_pi/pico/sdk/pico-sdk/src/rp2_common/pico_runtime/runtime.c.obj
 .debug_info    0x00000000000090f8     0x108e CMakeFiles/stepper_motor.dir/home/delo/Dropbox/raspberry_pi/pico/sdk/pico-sdk/src/rp2_common/hardware_clocks/clocks.c.obj
 .debug_info    0x000000000000a186      0x475 CMakeFiles/stepper_motor.dir/home/delo/Dropbox/raspberry_pi/pico/sdk/pico-sdk/src/rp2_common/hardware_watchdog/watchdog.c.obj
 .debug_info    0x000000000000a5fb      0x203 CMakeFiles/stepper_motor.dir/home/delo/Dropbox/raspberry_pi/pico/sdk/pico-sdk/src/rp2_common/hardware_xosc/xosc.c.obj
 .debug_info    0x000000000000a7fe      0x3a9 CMakeFiles/stepper_motor.dir/home/delo/Dropbox/raspberry_pi/pico/sdk/pico-sdk/src/rp2_common/hardware_pll/pll.c.obj
 .debug_info    0x000000000000aba7     0x18c7 CMakeFiles/stepper_motor.dir/home/delo/Dropbox/raspberry_pi/pico/sdk/pico-sdk/src/rp2_common/hardware_irq/irq.c.obj
 .debug_info    0x000000000000c46e     0x19b1 CMakeFiles/stepper_motor.dir/home/delo/Dropbox/raspberry_pi/pico/sdk/pico-sdk/src/rp2_common/pico_printf/printf.c.obj
 .debug_info    0x000000000000de1f       0x23 CMakeFiles/stepper_motor.dir/home/delo/Dropbox/raspberry_pi/pico/sdk/pico-sdk/src/rp2_common/pico_bit_ops/bit_ops_aeabi.S.obj
 .debug_info    0x000000000000de42      0x223 CMakeFiles/stepper_motor.dir/home/delo/Dropbox/raspberry_pi/pico/sdk/pico-sdk/src/rp2_common/pico_bootrom/bootrom.c.obj
 .debug_info    0x000000000000e065       0x23 CMakeFiles/stepper_motor.dir/home/delo/Dropbox/raspberry_pi/pico/sdk/pico-sdk/src/rp2_common/pico_divider/divider.S.obj
 .debug_info    0x000000000000e088       0x23 CMakeFiles/stepper_motor.dir/home/delo/Dropbox/raspberry_pi/pico/sdk/pico-sdk/src/rp2_common/pico_double/double_aeabi.S.obj
 .debug_info    0x000000000000e0ab      0x304 CMakeFiles/stepper_motor.dir/home/delo/Dropbox/raspberry_pi/pico/sdk/pico-sdk/src/rp2_common/pico_double/double_init_rom.c.obj
 .debug_info    0x000000000000e3af       0x23 CMakeFiles/stepper_motor.dir/home/delo/Dropbox/raspberry_pi/pico/sdk/pico-sdk/src/rp2_common/pico_double/double_v1_rom_shim.S.obj
 .debug_info    0x000000000000e3d2       0x24 CMakeFiles/stepper_motor.dir/home/delo/Dropbox/raspberry_pi/pico/sdk/pico-sdk/src/rp2_common/pico_int64_ops/pico_int64_ops_aeabi.S.obj
 .debug_info    0x000000000000e3f6       0x23 CMakeFiles/stepper_motor.dir/home/delo/Dropbox/raspberry_pi/pico/sdk/pico-sdk/src/rp2_common/pico_float/float_aeabi.S.obj
 .debug_info    0x000000000000e419      0x34b CMakeFiles/stepper_motor.dir/home/delo/Dropbox/raspberry_pi/pico/sdk/pico-sdk/src/rp2_common/pico_float/float_init_rom.c.obj
 .debug_info    0x000000000000e764       0x23 CMakeFiles/stepper_motor.dir/home/delo/Dropbox/raspberry_pi/pico/sdk/pico-sdk/src/rp2_common/pico_float/float_v1_rom_shim.S.obj
 .debug_info    0x000000000000e787       0x23 CMakeFiles/stepper_motor.dir/home/delo/Dropbox/raspberry_pi/pico/sdk/pico-sdk/src/rp2_common/pico_mem_ops/mem_ops_aeabi.S.obj
 .debug_info    0x000000000000e7aa       0x23 CMakeFiles/stepper_motor.dir/home/delo/Dropbox/raspberry_pi/pico/sdk/pico-sdk/src/rp2_common/pico_standard_link/crt0.S.obj
 .debug_info    0x000000000000e7cd      0x2dd CMakeFiles/stepper_motor.dir/home/delo/Dropbox/raspberry_pi/pico/sdk/pico-sdk/src/rp2_common/pico_standard_link/binary_info.c.obj
 .debug_info    0x000000000000eaaa      0xfe4 CMakeFiles/stepper_motor.dir/home/delo/Dropbox/raspberry_pi/pico/sdk/pico-sdk/src/rp2_common/pico_stdio/stdio.c.obj
 .debug_info    0x000000000000fa8e       0x24 /usr/lib/gcc/arm-none-eabi/11.2.0/thumb/v6-m/nofp/libgcc.a(_dvmd_tls.o)

.debug_abbrev   0x0000000000000000     0x3a22
 .debug_abbrev  0x0000000000000000      0x2a8 CMakeFiles/stepper_motor.dir/main.c.obj
 .debug_abbrev  0x00000000000002a8      0x317 CMakeFiles/stepper_motor.dir/home/delo/Dropbox/raspberry_pi/pico/sdk/pico-sdk/src/rp2_common/hardware_gpio/gpio.c.obj
 .debug_abbrev  0x00000000000005bf      0x259 CMakeFiles/stepper_motor.dir/home/delo/Dropbox/raspberry_pi/pico/sdk/pico-sdk/src/rp2_common/hardware_claim/claim.c.obj
 .debug_abbrev  0x0000000000000818      0x21d CMakeFiles/stepper_motor.dir/home/delo/Dropbox/raspberry_pi/pico/sdk/pico-sdk/src/rp2_common/hardware_sync/sync.c.obj
 .debug_abbrev  0x0000000000000a35       0xf8 CMakeFiles/stepper_motor.dir/home/delo/Dropbox/raspberry_pi/pico/sdk/pico-sdk/src/rp2_common/pico_platform/platform.c.obj
 .debug_abbrev  0x0000000000000b2d      0x5a2 CMakeFiles/stepper_motor.dir/home/delo/Dropbox/raspberry_pi/pico/sdk/pico-sdk/src/common/pico_time/time.c.obj
 .debug_abbrev  0x00000000000010cf      0x34b CMakeFiles/stepper_motor.dir/home/delo/Dropbox/raspberry_pi/pico/sdk/pico-sdk/src/rp2_common/hardware_timer/timer.c.obj
 .debug_abbrev  0x000000000000141a      0x114 CMakeFiles/stepper_motor.dir/home/delo/Dropbox/raspberry_pi/pico/sdk/pico-sdk/src/common/pico_sync/lock_core.c.obj
 .debug_abbrev  0x000000000000152e      0x365 CMakeFiles/stepper_motor.dir/home/delo/Dropbox/raspberry_pi/pico/sdk/pico-sdk/src/common/pico_sync/mutex.c.obj
 .debug_abbrev  0x0000000000001893      0x2c9 CMakeFiles/stepper_motor.dir/home/delo/Dropbox/raspberry_pi/pico/sdk/pico-sdk/src/common/pico_util/pheap.c.obj
 .debug_abbrev  0x0000000000001b5c      0x36a CMakeFiles/stepper_motor.dir/home/delo/Dropbox/raspberry_pi/pico/sdk/pico-sdk/src/rp2_common/pico_runtime/runtime.c.obj
 .debug_abbrev  0x0000000000001ec6      0x3d9 CMakeFiles/stepper_motor.dir/home/delo/Dropbox/raspberry_pi/pico/sdk/pico-sdk/src/rp2_common/hardware_clocks/clocks.c.obj
 .debug_abbrev  0x000000000000229f      0x1b1 CMakeFiles/stepper_motor.dir/home/delo/Dropbox/raspberry_pi/pico/sdk/pico-sdk/src/rp2_common/hardware_watchdog/watchdog.c.obj
 .debug_abbrev  0x0000000000002450      0x12f CMakeFiles/stepper_motor.dir/home/delo/Dropbox/raspberry_pi/pico/sdk/pico-sdk/src/rp2_common/hardware_xosc/xosc.c.obj
 .debug_abbrev  0x000000000000257f      0x1df CMakeFiles/stepper_motor.dir/home/delo/Dropbox/raspberry_pi/pico/sdk/pico-sdk/src/rp2_common/hardware_pll/pll.c.obj
 .debug_abbrev  0x000000000000275e      0x4b8 CMakeFiles/stepper_motor.dir/home/delo/Dropbox/raspberry_pi/pico/sdk/pico-sdk/src/rp2_common/hardware_irq/irq.c.obj
 .debug_abbrev  0x0000000000002c16      0x38a CMakeFiles/stepper_motor.dir/home/delo/Dropbox/raspberry_pi/pico/sdk/pico-sdk/src/rp2_common/pico_printf/printf.c.obj
 .debug_abbrev  0x0000000000002fa0       0x12 CMakeFiles/stepper_motor.dir/home/delo/Dropbox/raspberry_pi/pico/sdk/pico-sdk/src/rp2_common/pico_bit_ops/bit_ops_aeabi.S.obj
 .debug_abbrev  0x0000000000002fb2       0xf4 CMakeFiles/stepper_motor.dir/home/delo/Dropbox/raspberry_pi/pico/sdk/pico-sdk/src/rp2_common/pico_bootrom/bootrom.c.obj
 .debug_abbrev  0x00000000000030a6       0x12 CMakeFiles/stepper_motor.dir/home/delo/Dropbox/raspberry_pi/pico/sdk/pico-sdk/src/rp2_common/pico_divider/divider.S.obj